Component: ARM Compiler 5.06 update 1 (build 61) Tool: armlink [4d35a8]

==============================================================================

Section Cross References

    startup_stm32f103xb.o(RESET) refers to startup_stm32f103xb.o(STACK) for __initial_sp
    startup_stm32f103xb.o(RESET) refers to startup_stm32f103xb.o(.text) for Reset_Handler
    startup_stm32f103xb.o(RESET) refers to stm32f1xx_it.o(i.NMI_Handler) for NMI_Handler
    startup_stm32f103xb.o(RESET) refers to stm32f1xx_it.o(i.HardFault_Handler) for HardFault_Handler
    startup_stm32f103xb.o(RESET) refers to stm32f1xx_it.o(i.MemManage_Handler) for MemManage_Handler
    startup_stm32f103xb.o(RESET) refers to stm32f1xx_it.o(i.BusFault_Handler) for BusFault_Handler
    startup_stm32f103xb.o(RESET) refers to stm32f1xx_it.o(i.UsageFault_Handler) for UsageFault_Handler
    startup_stm32f103xb.o(RESET) refers to stm32f1xx_it.o(i.SVC_Handler) for SVC_Handler
    startup_stm32f103xb.o(RESET) refers to stm32f1xx_it.o(i.DebugMon_Handler) for DebugMon_Handler
    startup_stm32f103xb.o(RESET) refers to stm32f1xx_it.o(i.PendSV_Handler) for PendSV_Handler
    startup_stm32f103xb.o(RESET) refers to stm32f1xx_it.o(i.SysTick_Handler) for SysTick_Handler
    startup_stm32f103xb.o(RESET) refers to stm32f1xx_it.o(i.TIM1_UP_IRQHandler) for TIM1_UP_IRQHandler
    startup_stm32f103xb.o(RESET) refers to stm32f1xx_it.o(i.TIM1_CC_IRQHandler) for TIM1_CC_IRQHandler
    startup_stm32f103xb.o(RESET) refers to stm32f1xx_it.o(i.TIM2_IRQHandler) for TIM2_IRQHandler
    startup_stm32f103xb.o(RESET) refers to stm32f1xx_it.o(i.USART1_IRQHandler) for USART1_IRQHandler
    startup_stm32f103xb.o(RESET) refers to stm32f1xx_it.o(i.USART3_IRQHandler) for USART3_IRQHandler
    startup_stm32f103xb.o(.text) refers to system_stm32f1xx.o(i.SystemInit) for SystemInit
    startup_stm32f103xb.o(.text) refers to entry.o(.ARM.Collect$$$$00000000) for __main
    main.o(i.HAL_TIM_IC_CaptureCallback) refers to stm32f1xx_hal_gpio.o(i.HAL_GPIO_ReadPin) for HAL_GPIO_ReadPin
    main.o(i.HAL_TIM_IC_CaptureCallback) refers to stm32f1xx_hal_tim.o(i.HAL_TIM_ReadCapturedValue) for HAL_TIM_ReadCapturedValue
    main.o(i.HAL_TIM_IC_CaptureCallback) refers to dfltui.o(.text) for __aeabi_ui2d
    main.o(i.HAL_TIM_IC_CaptureCallback) refers to dadd.o(.text) for __aeabi_dsub
    main.o(i.HAL_TIM_IC_CaptureCallback) refers to cdcmple.o(.text) for __aeabi_cdcmple
    main.o(i.HAL_TIM_IC_CaptureCallback) refers to ddiv.o(.text) for __aeabi_ddiv
    main.o(i.HAL_TIM_IC_CaptureCallback) refers to tim.o(.bss) for htim1
    main.o(i.HAL_TIM_IC_CaptureCallback) refers to main.o(.data) for TIM1_CH3_VAL
    main.o(i.HAL_TIM_PeriodElapsedCallback) refers to dadd.o(.text) for __aeabi_dadd
    main.o(i.HAL_TIM_PeriodElapsedCallback) refers to motor_control.o(i.set_speed_left) for set_speed_left
    main.o(i.HAL_TIM_PeriodElapsedCallback) refers to motor_control.o(i.set_speed_right) for set_speed_right
    main.o(i.HAL_TIM_PeriodElapsedCallback) refers to dflti.o(.text) for __aeabi_i2d
    main.o(i.HAL_TIM_PeriodElapsedCallback) refers to motor_control.o(i.set_location_left) for set_location_left
    main.o(i.HAL_TIM_PeriodElapsedCallback) refers to motor_control.o(i.set_location_right) for set_location_right
    main.o(i.HAL_TIM_PeriodElapsedCallback) refers to tim.o(.bss) for htim1
    main.o(i.HAL_TIM_PeriodElapsedCallback) refers to main.o(.data) for TIM1_OVER
    main.o(i.SystemClock_Config) refers to memseta.o(.text) for __aeabi_memclr4
    main.o(i.SystemClock_Config) refers to stm32f1xx_hal_rcc.o(i.HAL_RCC_OscConfig) for HAL_RCC_OscConfig
    main.o(i.SystemClock_Config) refers to main.o(i.Error_Handler) for Error_Handler
    main.o(i.SystemClock_Config) refers to stm32f1xx_hal_rcc.o(i.HAL_RCC_ClockConfig) for HAL_RCC_ClockConfig
    main.o(i.fputc) refers to stm32f1xx_hal_uart.o(i.HAL_UART_Transmit) for HAL_UART_Transmit
    main.o(i.fputc) refers to usart.o(.bss) for huart1
    main.o(i.main) refers to stm32f1xx_hal.o(i.HAL_Init) for HAL_Init
    main.o(i.main) refers to main.o(i.SystemClock_Config) for SystemClock_Config
    main.o(i.main) refers to gpio.o(i.MX_GPIO_Init) for MX_GPIO_Init
    main.o(i.main) refers to tim.o(i.MX_TIM1_Init) for MX_TIM1_Init
    main.o(i.main) refers to tim.o(i.MX_TIM4_Init) for MX_TIM4_Init
    main.o(i.main) refers to tim.o(i.MX_TIM2_Init) for MX_TIM2_Init
    main.o(i.main) refers to stm32f1xx_hal.o(i.HAL_Delay) for HAL_Delay
    main.o(i.main) refers to usart.o(i.MX_USART1_UART_Init) for MX_USART1_UART_Init
    main.o(i.main) refers to usart.o(i.MX_USART3_UART_Init) for MX_USART3_UART_Init
    main.o(i.main) refers to motor_control.o(i.Motor_Init) for Motor_Init
    main.o(i.main) refers to stm32f1xx_hal_uart.o(i.HAL_UART_Receive_IT) for HAL_UART_Receive_IT
    main.o(i.main) refers to printf2.o(i.__0printf$2) for __2printf
    main.o(i.main) refers to memseta.o(.text) for __aeabi_memclr
    main.o(i.main) refers to motion.o(i.car_stop) for car_stop
[...]
    Removing stm32f1xx_hal_flash.o(i.HAL_FLASH_IRQHandler), (384 bytes).
    Removing stm32f1xx_hal_flash.o(i.HAL_FLASH_Lock), (20 bytes).
    Removing stm32f1xx_hal_flash.o(i.HAL_FLASH_OB_Launch), (8 bytes).
    Removing stm32f1xx_hal_flash.o(i.HAL_FLASH_OB_Lock), (20 bytes).
    Removing stm32f1xx_hal_flash.o(i.HAL_FLASH_OB_Unlock), (44 bytes).
    Removing stm32f1xx_hal_flash.o(i.HAL_FLASH_OperationErrorCallback), (2 bytes).
    Removing stm32f1xx_hal_flash.o(i.HAL_FLASH_Program), (176 bytes).
    Removing stm32f1xx_hal_flash.o(i.HAL_FLASH_Program_IT), (124 bytes).
    Removing stm32f1xx_hal_flash.o(i.HAL_FLASH_Unlock), (48 bytes).
    Removing stm32f1xx_hal_flash.o(.bss), (32 bytes).
    Removing stm32f1xx_hal_flash_ex.o(.rev16_text), (4 bytes).
    Removing stm32f1xx_hal_flash_ex.o(.revsh_text), (4 bytes).
    Removing stm32f1xx_hal_flash_ex.o(.rrx_text), (6 bytes).
    Removing stm32f1xx_hal_flash_ex.o(i.FLASH_MassErase), (40 bytes).
    Removing stm32f1xx_hal_flash_ex.o(i.FLASH_OB_DisableWRP), (232 bytes).
    Removing stm32f1xx_hal_flash_ex.o(i.FLASH_OB_EnableWRP), (236 bytes).
    Removing stm32f1xx_hal_flash_ex.o(i.FLASH_OB_GetRDP), (28 bytes).
    Removing stm32f1xx_hal_flash_ex.o(i.FLASH_OB_GetUser), (16 bytes).
    Removing stm32f1xx_hal_flash_ex.o(i.FLASH_OB_GetWRP), (12 bytes).
    Removing stm32f1xx_hal_flash_ex.o(i.FLASH_OB_ProgramData), (76 bytes).
    Removing stm32f1xx_hal_flash_ex.o(i.FLASH_OB_RDP_LevelConfig), (124 bytes).
    Removing stm32f1xx_hal_flash_ex.o(i.FLASH_OB_UserConfig), (84 bytes).
    Removing stm32f1xx_hal_flash_ex.o(i.FLASH_PageErase), (40 bytes).
    Removing stm32f1xx_hal_flash_ex.o(i.HAL_FLASHEx_Erase), (176 bytes).
    Removing stm32f1xx_hal_flash_ex.o(i.HAL_FLASHEx_Erase_IT), (100 bytes).
    Removing stm32f1xx_hal_flash_ex.o(i.HAL_FLASHEx_OBErase), (96 bytes).
    Removing stm32f1xx_hal_flash_ex.o(i.HAL_FLASHEx_OBGetConfig), (28 bytes).
    Removing stm32f1xx_hal_flash_ex.o(i.HAL_FLASHEx_OBGetUserData), (40 bytes).
    Removing stm32f1xx_hal_flash_ex.o(i.HAL_FLASHEx_OBProgram), (200 bytes).
    Removing stm32f1xx_hal_exti.o(.rev16_text), (4 bytes).
    Removing stm32f1xx_hal_exti.o(.revsh_text), (4 bytes).
    Removing stm32f1xx_hal_exti.o(.rrx_text), (6 bytes).
    Removing stm32f1xx_hal_exti.o(i.HAL_EXTI_ClearConfigLine), (120 bytes).
    Removing stm32f1xx_hal_exti.o(i.HAL_EXTI_ClearPending), (28 bytes).
    Removing stm32f1xx_hal_exti.o(i.HAL_EXTI_GenerateSWI), (24 bytes).
    Removing stm32f1xx_hal_exti.o(i.HAL_EXTI_GetConfigLine), (160 bytes).
    Removing stm32f1xx_hal_exti.o(i.HAL_EXTI_GetHandle), (14 bytes).
    Removing stm32f1xx_hal_exti.o(i.HAL_EXTI_GetPending), (36 bytes).
    Removing stm32f1xx_hal_exti.o(i.HAL_EXTI_IRQHandler), (44 bytes).
    Removing stm32f1xx_hal_exti.o(i.HAL_EXTI_RegisterCallback), (20 bytes).
    Removing stm32f1xx_hal_exti.o(i.HAL_EXTI_SetConfigLine), (240 bytes).
    Removing stm32f1xx_hal_uart.o(.rev16_text), (4 bytes).
    Removing stm32f1xx_hal_uart.o(.revsh_text), (4 bytes).
    Removing stm32f1xx_hal_uart.o(.rrx_text), (6 bytes).
    Removing stm32f1xx_hal_uart.o(i.HAL_HalfDuplex_EnableReceiver), (68 bytes).
    Removing stm32f1xx_hal_uart.o(i.HAL_HalfDuplex_EnableTransmitter), (68 bytes).
    Removing stm32f1xx_hal_uart.o(i.HAL_HalfDuplex_Init), (118 bytes).
    Removing stm32f1xx_hal_uart.o(i.HAL_LIN_Init), (142 bytes).
    Removing stm32f1xx_hal_uart.o(i.HAL_LIN_SendBreak), (62 bytes).
    Removing stm32f1xx_hal_uart.o(i.HAL_MultiProcessor_EnterMuteMode), (62 bytes).
    Removing stm32f1xx_hal_uart.o(i.HAL_MultiProcessor_ExitMuteMode), (62 bytes).
    Removing stm32f1xx_hal_uart.o(i.HAL_MultiProcessor_Init), (154 bytes).
    Removing stm32f1xx_hal_uart.o(i.HAL_UARTEx_ReceiveToIdle), (320 bytes).
    Removing stm32f1xx_hal_uart.o(i.HAL_UARTEx_ReceiveToIdle_DMA), (114 bytes).
    Removing stm32f1xx_hal_uart.o(i.HAL_UARTEx_ReceiveToIdle_IT), (114 bytes).
    Removing stm32f1xx_hal_uart.o(i.HAL_UART_Abort), (188 bytes).
    Removing stm32f1xx_hal_uart.o(i.HAL_UART_AbortCpltCallback), (2 bytes).
    Removing stm32f1xx_hal_uart.o(i.HAL_UART_AbortReceive), (122 bytes).
    Removing stm32f1xx_hal_uart.o(i.HAL_UART_AbortReceiveCpltCallback), (2 bytes).
    Removing stm32f1xx_hal_uart.o(i.HAL_UART_AbortReceive_IT), (144 bytes).
    Removing stm32f1xx_hal_uart.o(i.HAL_UART_AbortTransmit), (88 bytes).
    Removing stm32f1xx_hal_uart.o(i.HAL_UART_AbortTransmitCpltCallback), (2 bytes).
    Removing stm32f1xx_hal_uart.o(i.HAL_UART_AbortTransmit_IT), (108 bytes).
    Removing stm32f1xx_hal_uart.o(i.HAL_UART_Abort_IT), (240 bytes).
    Removing stm32f1xx_hal_uart.o(i.HAL_UART_DMAPause), (124 bytes).
    Removing stm32f1xx_hal_uart.o(i.HAL_UART_DMAResume), (126 bytes).
    Removing stm32f1xx_hal_uart.o(i.HAL_UART_DMAStop), (102 bytes).
    Removing stm32f1xx_hal_uart.o(i.HAL_UART_DeInit), (60 bytes).
    Removing stm32f1xx_hal_uart.o(i.HAL_UART_GetError), (6 bytes).
    Removing stm32f1xx_hal_uart.o(i.HAL_UART_GetState), (20 bytes).
    Removing stm32f1xx_hal_uart.o(i.HAL_UART_MspDeInit), (2 bytes).
    Removing stm32f1xx_hal_uart.o(i.HAL_UART_MspInit), (2 bytes).
    Removing stm32f1xx_hal_uart.o(i.HAL_UART_Receive), (220 bytes).
    Removing stm32f1xx_hal_uart.o(i.HAL_UART_Receive_DMA), (66 bytes).
    Removing stm32f1xx_hal_uart.o(i.HAL_UART_RxCpltCallback), (2 bytes).
    Removing stm32f1xx_hal_uart.o(i.HAL_UART_RxHalfCpltCallback), (2 bytes).
    Removing stm32f1xx_hal_uart.o(i.HAL_UART_Transmit_DMA), (156 bytes).
    Removing stm32f1xx_hal_uart.o(i.HAL_UART_Transmit_IT), (88 bytes).
    Removing stm32f1xx_hal_uart.o(i.HAL_UART_TxHalfCpltCallback), (2 bytes).
    Removing stm32f1xx_hal_uart.o(i.UART_DMAError), (80 bytes).
    Removing stm32f1xx_hal_uart.o(i.UART_DMAReceiveCplt), (104 bytes).
    Removing stm32f1xx_hal_uart.o(i.UART_DMARxAbortCallback), (56 bytes).
    Removing stm32f1xx_hal_uart.o(i.UART_DMARxHalfCplt), (32 bytes).
    Removing stm32f1xx_hal_uart.o(i.UART_DMARxOnlyAbortCallback), (28 bytes).
    Removing stm32f1xx_hal_uart.o(i.UART_DMATransmitCplt), (54 bytes).
    Removing stm32f1xx_hal_uart.o(i.UART_DMATxAbortCallback), (56 bytes).
    Removing stm32f1xx_hal_uart.o(i.UART_DMATxHalfCplt), (14 bytes).
    Removing stm32f1xx_hal_uart.o(i.UART_DMATxOnlyAbortCallback), (24 bytes).
    Removing stm32f1xx_hal_uart.o(i.UART_EndTxTransfer), (20 bytes).
    Removing stm32f1xx_hal_uart.o(i.UART_Start_Receive_DMA), (152 bytes).
    Removing system_stm32f1xx.o(.rev16_text), (4 bytes).
    Removing system_stm32f1xx.o(.revsh_text), (4 bytes).
    Removing system_stm32f1xx.o(.rrx_text), (6 bytes).
    Removing system_stm32f1xx.o(i.SystemCoreClockUpdate), (164 bytes).
    Removing motor_control.o(.rev16_text), (4 bytes).
    Removing motor_control.o(.revsh_text), (4 bytes).
    Removing motor_control.o(.rrx_text), (6 bytes).
    Removing motor_control.o(.constdata), (32 bytes).
    Removing uart.o(.rev16_text), (4 bytes).
    Removing uart.o(.revsh_text), (4 bytes).
    Removing uart.o(.rrx_text), (6 bytes).
    Removing motion.o(.rev16_text), (4 bytes).
    Removing motion.o(.revsh_text), (4 bytes).
    Removing motion.o(.rrx_text), (6 bytes).
    Removing dfixul.o(.text), (48 bytes).

372 unused section(s) (total 30556 bytes) removed from the image.

==============================================================================

Image Symbol Table

    Local Symbols

    Symbol Name                              Value     Ov Type        Size  Object(Section)

    ../Core/Src/gpio.c                       0x00000000   Number         0  gpio.o ABSOLUTE
    ../Core/Src/main.c                       0x00000000   Number         0  main.o ABSOLUTE
    ../Core/Src/stm32f1xx_hal_msp.c          0x00000000   Number         0  stm32f1xx_hal_msp.o ABSOLUTE
    ../Core/Src/stm32f1xx_it.c               0x00000000   Number         0  stm32f1xx_it.o ABSOLUTE
    ../Core/Src/system_stm32f1xx.c           0x00000000   Number         0  system_stm32f1xx.o ABSOLUTE
    ../Core/Src/tim.c                        0x00000000   Number         0  tim.o ABSOLUTE
    ../Core/Src/usart.c                      0x00000000   Number         0  usart.o ABSOLUTE
    ../Drivers/STM32F1xx_HAL_Driver/Src/stm32f1xx_hal.c 0x00000000   Number         0  stm32f1xx_hal.o ABSOLUTE
    ../Drivers/STM32F1xx_HAL_Driver/Src/stm32f1xx_hal_cortex.c 0x00000000   Number         0  stm32f1xx_hal_cortex.o ABSOLUTE
    ../Drivers/STM32F1xx_HAL_Driver/Src/stm32f1xx_hal_dma.c 0x00000000   Number         0  stm32f1xx_hal_dma.o ABSOLUTE
    ../Drivers/STM32F1xx_HAL_Driver/Src/stm32f1xx_hal_exti.c 0x00000000   Number         0  stm32f1xx_hal_exti.o ABSOLUTE
    ../Drivers/STM32F1xx_HAL_Driver/Src/stm32f1xx_hal_flash.c 0x00000000   Number         0  stm32f1xx_hal_flash.o ABSOLUTE
    ../Drivers/STM32F1xx_HAL_Driver/Src/stm32f1xx_hal_flash_ex.c 0x00000000   Number         0  stm32f1xx_hal_flash_ex.o ABSOLUTE
    ../Drivers/STM32F1xx_HAL_Driver/Src/stm32f1xx_hal_gpio.c 0x00000000   Number         0  stm32f1xx_hal_gpio.o ABSOLUTE
    ../Drivers/STM32F1xx_HAL_Driver/Src/stm32f1xx_hal_gpio_ex.c 0x00000000   Number         0  stm32f1xx_hal_gpio_ex.o ABSOLUTE
    ../Drivers/STM32F1xx_HAL_Driver/Src/stm32f1xx_hal_pwr.c 0x00000000   Number         0  stm32f1xx_hal_pwr.o ABSOLUTE
    ../Drivers/STM32F1xx_HAL_Driver/Src/stm32f1xx_hal_rcc.c 0x00000000   Number         0  stm32f1xx_hal_rcc.o ABSOLUTE
    ../Drivers/STM32F1xx_HAL_Driver/Src/stm32f1xx_hal_rcc_ex.c 0x00000000   Number         0  stm32f1xx_hal_rcc_ex.o ABSOLUTE
    ../Drivers/STM32F1xx_HAL_Driver/Src/stm32f1xx_hal_tim.c 0x00000000   Number         0  stm32f1xx_hal_tim.o ABSOLUTE
    ../Drivers/STM32F1xx_HAL_Driver/Src/stm32f1xx_hal_tim_ex.c 0x00000000   Number         0  stm32f1xx_hal_tim_ex.o ABSOLUTE
    ../Drivers/STM32F1xx_HAL_Driver/Src/stm32f1xx_hal_uart.c 0x00000000   Number         0  stm32f1xx_hal_uart.o ABSOLUTE
    ../clib/../cmprslib/zerorunl2.c          0x00000000   Number         0  __dczerorl2.o ABSOLUTE
    ../clib/microlib/division.c              0x00000000   Number         0  uidiv.o ABSOLUTE
    ../clib/microlib/division.c              0x00000000   Number         0  uldiv.o ABSOLUTE
    ../clib/microlib/init/entry.s            0x00000000   Number         0  entry8b.o ABSOLUTE
    ../clib/microlib/init/entry.s            0x00000000   Number         0  entry7b.o ABSOLUTE
    ../clib/microlib/init/entry.s            0x00000000   Number         0  entry9b.o ABSOLUTE
    ../clib/microlib/init/entry.s            0x00000000   Number         0  entry10b.o ABSOLUTE
    ../clib/microlib/init/entry.s            0x00000000   Number         0  entry8a.o ABSOLUTE
    ../clib/microlib/init/entry.s            0x00000000   Number         0  entry7a.o ABSOLUTE
    ../clib/microlib/init/entry.s            0x00000000   Number         0  entry11a.o ABSOLUTE
    ../clib/microlib/init/entry.s            0x00000000   Number         0  entry11b.o ABSOLUTE
    ../clib/microlib/init/entry.s            0x00000000   Number         0  entry2.o ABSOLUTE
    ../clib/microlib/init/entry.s            0x00000000   Number         0  entry5.o ABSOLUTE
    ../clib/microlib/init/entry.s            0x00000000   Number         0  entry10a.o ABSOLUTE
    ../clib/microlib/init/entry.s            0x00000000   Number         0  entry.o ABSOLUTE
    ../clib/microlib/init/entry.s            0x00000000   Number         0  entry9a.o ABSOLUTE
    ../clib/microlib/longlong.c              0x00000000   Number         0  llushr.o ABSOLUTE
    ../clib/microlib/longlong.c              0x00000000   Number         0  llshl.o ABSOLUTE
    ../clib/microlib/longlong.c              0x00000000   Number         0  llsshr.o ABSOLUTE
    ../clib/microlib/printf/printf.c         0x00000000   Number         0  printf0.o ABSOLUTE
    ../clib/microlib/printf/printf.c         0x00000000   Number         0  printf8.o ABSOLUTE
    ../clib/microlib/printf/printf.c         0x00000000   Number         0  printfb.o ABSOLUTE
    ../clib/microlib/printf/printf.c         0x00000000   Number         0  printfa.o ABSOLUTE
    ../clib/microlib/printf/printf.c         0x00000000   Number         0  printf7.o ABSOLUTE
    ../clib/microlib/printf/printf.c         0x00000000   Number         0  printf6.o ABSOLUTE
    ../clib/microlib/printf/printf.c         0x00000000   Number         0  printf5.o ABSOLUTE
    ../clib/microlib/printf/printf.c         0x00000000   Number         0  printf4.o ABSOLUTE
    ../clib/microlib/printf/printf.c         0x00000000   Number         0  printf3.o ABSOLUTE
    ../clib/microlib/printf/printf.c         0x00000000   Number         0  printf2.o ABSOLUTE
    ../clib/microlib/printf/printf.c         0x00000000   Number         0  printf1.o ABSOLUTE
    ../clib/microlib/printf/stubs.s          0x00000000   Number         0  stubs.o ABSOLUTE
    ../clib/microlib/stdio/streams.c         0x00000000   Number         0  stdout.o ABSOLUTE
    ../clib/microlib/string/memset.c         0x00000000   Number         0  memseta.o ABSOLUTE
    ../clib/microlib/stubs.s                 0x00000000   Number         0  iusefp.o ABSOLUTE
    ../fplib/microlib/fpadd.c                0x00000000   Number         0  dadd.o ABSOLUTE
    ../fplib/microlib/fpdiv.c                0x00000000   Number         0  ddiv.o ABSOLUTE
    ../fplib/microlib/fpepilogue.c           0x00000000   Number         0  depilogue.o ABSOLUTE
    ../fplib/microlib/fpfix.c                0x00000000   Number         0  dfixul.o ABSOLUTE
    ../fplib/microlib/fpfix.c                0x00000000   Number         0  dfixi.o ABSOLUTE
    ../fplib/microlib/fpflt.c                0x00000000   Number         0  dfltui.o ABSOLUTE
    ../fplib/microlib/fpflt.c                0x00000000   Number         0  dflti.o ABSOLUTE
    ../fplib/microlib/fpmul.c                0x00000000   Number         0  dmul.o ABSOLUTE
    ..\Core\Src\gpio.c                       0x00000000   Number         0  gpio.o ABSOLUTE
    ..\Core\Src\main.c                       0x00000000   Number         0  main.o ABSOLUTE
    ..\Core\Src\stm32f1xx_hal_msp.c          0x00000000   Number         0  stm32f1xx_hal_msp.o ABSOLUTE
    ..\Core\Src\stm32f1xx_it.c               0x00000000   Number         0  stm32f1xx_it.o ABSOLUTE
    ..\Core\Src\system_stm32f1xx.c           0x00000000   Number         0  system_stm32f1xx.o ABSOLUTE
    ..\Core\Src\tim.c                        0x00000000   Number         0  tim.o ABSOLUTE
    ..\Core\Src\usart.c                      0x00000000   Number         0  usart.o ABSOLUTE
    ..\Drivers\STM32F1xx_HAL_Driver\Src\stm32f1xx_hal.c 0x00000000   Number         0  stm32f1xx_hal.o ABSOLUTE
    ..\Drivers\STM32F1xx_HAL_Driver\Src\stm32f1xx_hal_cortex.c 0x00000000   Number         0  stm32f1xx_hal_cortex.o ABSOLUTE
    ..\Drivers\STM32F1xx_HAL_Driver\Src\stm32f1xx_hal_dma.c 0x00000000   Number         0  stm32f1xx_hal_dma.o ABSOLUTE
    ..\Drivers\STM32F1xx_HAL_Driver\Src\stm32f1xx_hal_exti.c 0x00000000   Number         0  stm32f1xx_hal_exti.o ABSOLUTE
    ..\Drivers\STM32F1xx_HAL_Driver\Src\stm32f1xx_hal_flash.c 0x00000000   Number         0  stm32f1xx_hal_flash.o ABSOLUTE
    ..\Drivers\STM32F1xx_HAL_Driver\Src\stm32f1xx_hal_flash_ex.c 0x00000000   Number         0  stm32f1xx_hal_flash_ex.o ABSOLUTE
    ..\Drivers\STM32F1xx_HAL_Driver\Src\stm32f1xx_hal_gpio.c 0x00000000   Number         0  stm32f1xx_hal_gpio.o ABSOLUTE
    ..\Drivers\STM32F1xx_HAL_Driver\Src\stm32f1xx_hal_gpio_ex.c 0x00000000   Number         0  stm32f1xx_hal_gpio_ex.o ABSOLUTE
    ..\Drivers\STM32F1xx_HAL_Driver\Src\stm32f1xx_hal_pwr.c 0x00000000   Number         0  stm32f1xx_hal_pwr.o ABSOLUTE
    ..\Drivers\STM32F1xx_HAL_Driver\Src\stm32f1xx_hal_rcc.c 0x00000000   Number         0  stm32f1xx_hal_rcc.o ABSOLUTE
    ..\Drivers\STM32F1xx_HAL_Driver\Src\stm32f1xx_hal_rcc_ex.c 0x00000000   Number         0  stm32f1xx_hal_rcc_ex.o ABSOLUTE
    ..\Drivers\STM32F1xx_HAL_Driver\Src\stm32f1xx_hal_tim.c 0x00000000   Number         0  stm32f1xx_hal_tim.o ABSOLUTE
    ..\Drivers\STM32F1xx_HAL_Driver\Src\stm32f1xx_hal_tim_ex.c 0x00000000   Number         0  stm32f1xx_hal_tim_ex.o ABSOLUTE
    ..\Drivers\STM32F1xx_HAL_Driver\Src\stm32f1xx_hal_uart.c 0x00000000   Number         0  stm32f1xx_hal_uart.o ABSOLUTE
    ..\Hardware\motion.c                     0x00000000   Number         0  motion.o ABSOLUTE
    ..\Hardware\motor_control.c              0x00000000   Number         0  motor_control.o ABSOLUTE
    ..\Hardware\uart.c                       0x00000000   Number         0  uart.o ABSOLUTE
    ..\\Hardware\\motion.c                   0x00000000   Number         0  motion.o ABSOLUTE
    ..\\Hardware\\motor_control.c            0x00000000   Number         0  motor_control.o ABSOLUTE
    ..\\Hardware\\uart.c                     0x00000000   Number         0  uart.o ABSOLUTE
    cdcmple.s                                0x00000000   Number         0  cdcmple.o ABSOLUTE
    cdrcmple.s                               0x00000000   Number         0  cdrcmple.o ABSOLUTE
    dc.s                                     0x00000000   Number         0  dc.o ABSOLUTE
    handlers.s                               0x00000000   Number         0  handlers.o ABSOLUTE
    init.s                                   0x00000000   Number         0  init.o ABSOLUTE
    startup_stm32f103xb.s                    0x00000000   Number         0  startup_stm32f103xb.o ABSOLUTE
    RESET                                    0x08000000   Section      236  startup_stm32f103xb.o(RESET)
    .ARM.Collect$$$$00000000                 0x080000ec   Section        0  entry.o(.ARM.Collect$$$$00000000)
    .ARM.Collect$$$$00000001                 0x080000ec   Section        4  entry2.o(.ARM.Collect$$$$00000001)
    .ARM.Collect$$$$00000004                 0x080000f0   Section        4  entry5.o(.ARM.Collect$$$$00000004)
    .ARM.Collect$$$$00000008                 0x080000f4   Section        0  entry7b.o(.ARM.Collect$$$$00000008)
    .ARM.Collect$$$$0000000A                 0x080000f4   Section        0  entry8b.o(.ARM.Collect$$$$0000000A)
    .ARM.Collect$$$$0000000B                 0x080000f4   Section        8  entry9a.o(.ARM.Collect$$$$0000000B)
    .ARM.Collect$$$$0000000D                 0x080000fc   Section        0  entry10a.o(.ARM.Collect$$$$0000000D)
    .ARM.Collect$$$$0000000F                 0x080000fc   Section        0  entry11a.o(.ARM.Collect$$$$0000000F)
    .ARM.Collect$$$$00002712                 0x080000fc   Section        4  entry2.o(.ARM.Collect$$$$00002712)
    __lit__00000000                          0x080000fc   Data           4  entry2.o(.ARM.Collect$$$$00002712)
    .text                                    0x08000100   Section       36  startup_stm32f103xb.o(.text)
    .text                                    0x08000124   Section        0  llushr.o(.text)
    .text                                    0x08000144   Section        0  memseta.o(.text)
    .text                                    0x08000168   Section        0  dadd.o(.text)
    .text                                    0x080002b6   Section        0  dmul.o(.text)
    .text                                    0x0800039a   Section        0  ddiv.o(.text)
    .text                                    0x08000478   Section        0  dflti.o(.text)
    .text                                    0x0800049a   Section        0  dfltui.o(.text)
    .text                                    0x080004b4   Section        0  dfixi.o(.text)
    .text                                    0x080004f4   Section       48  cdcmple.o(.text)
    .text                                    0x08000524   Section       48  cdrcmple.o(.text)
    .text                                    0x08000554   Section        0  llshl.o(.text)
    .text                                    0x08000572   Section        0  llsshr.o(.text)
    .text                                    0x08000596   Section        0  iusefp.o(.text)
    .text                                    0x08000596   Section        0  depilogue.o(.text)
    .text                                    0x08000650   Section       36  init.o(.text)
    .text                                    0x08000674   Section        0  __dczerorl2.o(.text)
    i.BusFault_Handler                       0x080006ca   Section        0  stm32f1xx_it.o(i.BusFault_Handler)
    i.DebugMon_Handler                       0x080006ce   Section        0  stm32f1xx_it.o(i.DebugMon_Handler)
    i.Error_Handler                          0x080006d0   Section        0  main.o(i.Error_Handler)
    i.HAL_DMA_Abort                          0x080006d6   Section        0  stm32f1xx_hal_dma.o(i.HAL_DMA_Abort)
    i.HAL_DMA_Abort_IT                       0x0800072c   Section        0  stm32f1xx_hal_dma.o(i.HAL_DMA_Abort_IT)
    i.HAL_Delay                              0x080007dc   Section        0  stm32f1xx_hal.o(i.HAL_Delay)
    i.HAL_GPIO_Init                          0x08000804   Section        0  stm32f1xx_hal_gpio.o(i.HAL_GPIO_Init)
    i.HAL_GPIO_ReadPin                       0x08000b24   Section        0  stm32f1xx_hal_gpio.o(i.HAL_GPIO_ReadPin)
    i.HAL_GPIO_WritePin                      0x08000b34   Section        0  stm32f1xx_hal_gpio.o(i.HAL_GPIO_WritePin)
    i.HAL_GetTick                            0x08000b40   Section        0  stm32f1xx_hal.o(i.HAL_GetTick)
    i.HAL_IncTick                            0x08000b4c   Section        0  stm32f1xx_hal.o(i.HAL_IncTick)
    i.HAL_Init                               0x08000b64   Section        0  stm32f1xx_hal.o(i.HAL_Init)
    i.HAL_InitTick                           0x08000b8c   Section        0  stm32f1xx_hal.o(i.HAL_InitTick)
    i.HAL_MspInit                            0x08000bd8   Section        0  stm32f1xx_hal_msp.o(i.HAL_MspInit)
    i.HAL_NVIC_EnableIRQ                     0x08000c2c   Section        0  stm32f1xx_hal_cortex.o(i.HAL_NVIC_EnableIRQ)
    i.HAL_NVIC_SetPriority                   0x08000c4c   Section        0  stm32f1xx_hal_cortex.o(i.HAL_NVIC_SetPriority)
    i.HAL_NVIC_SetPriorityGrouping           0x08000cc8   Section        0  stm32f1xx_hal_cortex.o(i.HAL_NVIC_SetPriorityGrouping)
    i.HAL_RCC_ClockConfig                    0x08000cf0   Section        0  stm32f1xx_hal_rcc.o(i.HAL_RCC_ClockConfig)
    i.HAL_RCC_GetHCLKFreq                    0x08000e7c   Section        0  stm32f1xx_hal_rcc.o(i.HAL_RCC_GetHCLKFreq)
    i.HAL_RCC_GetPCLK1Freq                   0x08000e88   Section        0  stm32f1xx_hal_rcc.o(i.HAL_RCC_GetPCLK1Freq)
    i.HAL_RCC_GetPCLK2Freq                   0x08000ea8   Section        0  stm32f1xx_hal_rcc.o(i.HAL_RCC_GetPCLK2Freq)
    i.HAL_RCC_GetSysClockFreq                0x08000ec8   Section        0  stm32f1xx_hal_rcc.o(i.HAL_RCC_GetSysClockFreq)
    i.HAL_RCC_OscConfig                      0x08000f5c   Section        0  stm32f1xx_hal_rcc.o(i.HAL_RCC_OscConfig)
    i.HAL_SYSTICK_Config                     0x080013c0   Section        0  stm32f1xx_hal_cortex.o(i.HAL_SYSTICK_Config)
    i.HAL_TIMEx_BreakCallback                0x080013f4   Section        0  stm32f1xx_hal_tim_ex.o(i.HAL_TIMEx_BreakCallback)
    i.HAL_TIMEx_CommutCallback               0x080013f6   Section        0  stm32f1xx_hal_tim_ex.o(i.HAL_TIMEx_CommutCallback)
    i.HAL_TIMEx_MasterConfigSynchronization  0x080013f8   Section        0  stm32f1xx_hal_tim_ex.o(i.HAL_TIMEx_MasterConfigSynchronization)
    i.HAL_TIM_Base_Init                      0x0800147c   Section        0  stm32f1xx_hal_tim.o(i.HAL_TIM_Base_Init)
    i.HAL_TIM_Base_MspInit                   0x080014e4   Section        0  tim.o(i.HAL_TIM_Base_MspInit)
    i.HAL_TIM_Base_Start_IT                  0x080015d8   Section        0  stm32f1xx_hal_tim.o(i.HAL_TIM_Base_Start_IT)
    i.HAL_TIM_ConfigClockSource              0x08001650   Section        0  stm32f1xx_hal_tim.o(i.HAL_TIM_ConfigClockSource)
    i.HAL_TIM_IC_CaptureCallback             0x08001758   Section        0  main.o(i.HAL_TIM_IC_CaptureCallback)
    i.HAL_TIM_IC_ConfigChannel               0x08001988   Section        0  stm32f1xx_hal_tim.o(i.HAL_TIM_IC_ConfigChannel)
    i.HAL_TIM_IC_Init                        0x08001a5c   Section        0  stm32f1xx_hal_tim.o(i.HAL_TIM_IC_Init)
    i.HAL_TIM_IC_MspInit                     0x08001ac2   Section        0  stm32f1xx_hal_tim.o(i.HAL_TIM_IC_MspInit)
    i.HAL_TIM_IC_Start_IT                    0x08001ac4   Section        0  stm32f1xx_hal_tim.o(i.HAL_TIM_IC_Start_IT)
    i.HAL_TIM_IRQHandler                     0x08001c1c   Section        0  stm32f1xx_hal_tim.o(i.HAL_TIM_IRQHandler)
    i.HAL_TIM_MspPostInit                    0x08001db4   Section        0  tim.o(i.HAL_TIM_MspPostInit)
    i.HAL_TIM_OC_DelayElapsedCallback        0x08001e0c   Section        0  stm32f1xx_hal_tim.o(i.HAL_TIM_OC_DelayElapsedCallback)
    i.HAL_TIM_PWM_ConfigChannel              0x08001e0e   Section        0  stm32f1xx_hal_tim.o(i.HAL_TIM_PWM_ConfigChannel)
    i.HAL_TIM_PWM_Init                       0x08001f0a   Section        0  stm32f1xx_hal_tim.o(i.HAL_TIM_PWM_Init)
    i.HAL_TIM_PWM_MspInit                    0x08001f70   Section        0  stm32f1xx_hal_tim.o(i.HAL_TIM_PWM_MspInit)
    i.HAL_TIM_PWM_PulseFinishedCallback      0x08001f72   Section        0  stm32f1xx_hal_tim.o(i.HAL_TIM_PWM_PulseFinishedCallback)
    i.HAL_TIM_PWM_Start                      0x08001f74   Section        0  stm32f1xx_hal_tim.o(i.HAL_TIM_PWM_Start)
    i.HAL_TIM_PeriodElapsedCallback          0x08002048   Section        0  main.o(i.HAL_TIM_PeriodElapsedCallback)
    i.HAL_TIM_ReadCapturedValue              0x08002138   Section        0  stm32f1xx_hal_tim.o(i.HAL_TIM_ReadCapturedValue)
    i.HAL_TIM_TriggerCallback                0x0800216a   Section        0  stm32f1xx_hal_tim.o(i.HAL_TIM_TriggerCallback)
    i.HAL_UARTEx_RxEventCallback             0x0800216c   Section        0  stm32f1xx_hal_uart.o(i.HAL_UARTEx_RxEventCallback)
    i.HAL_UART_ErrorCallback                 0x0800216e   Section        0  stm32f1xx_hal_uart.o(i.HAL_UART_ErrorCallback)
    i.HAL_UART_IRQHandler                    0x08002170   Section        0  stm32f1xx_hal_uart.o(i.HAL_UART_IRQHandler)
    i.HAL_UART_Init                          0x080023bc   Section        0  stm32f1xx_hal_uart.o(i.HAL_UART_Init)
    i.HAL_UART_MspInit                       0x08002430   Section        0  usart.o(i.HAL_UART_MspInit)
    i.HAL_UART_Receive_IT                    0x08002558   Section        0  stm32f1xx_hal_uart.o(i.HAL_UART_Receive_IT)
    i.HAL_UART_RxCpltCallback                0x0800259c   Section        0  uart.o(i.HAL_UART_RxCpltCallback)
    i.HAL_UART_Transmit                      0x08002868   Section        0  stm32f1xx_hal_uart.o(i.HAL_UART_Transmit)
    i.HAL_UART_TxCpltCallback                0x0800293a   Section        0  stm32f1xx_hal_uart.o(i.HAL_UART_TxCpltCallback)
    i.HardFault_Handler                      0x0800293c   Section        0  stm32f1xx_it.o(i.HardFault_Handler)
    i.MX_GPIO_Init                           0x08002940   Section        0  gpio.o(i.MX_GPIO_Init)
    i.MX_TIM1_Init                           0x08002a50   Section        0  tim.o(i.MX_TIM1_Init)
    i.MX_TIM2_Init                           0x08002b04   Section        0  tim.o(i.MX_TIM2_Init)
    i.MX_TIM4_Init                           0x08002b70   Section        0  tim.o(i.MX_TIM4_Init)
    i.MX_USART1_UART_Init                    0x08002c24   Section        0  usart.o(i.MX_USART1_UART_Init)
    i.MX_USART3_UART_Init                    0x08002c5c   Section        0  usart.o(i.MX_USART3_UART_Init)
    i.MemManage_Handler                      0x08002c94   Section        0  stm32f1xx_it.o(i.MemManage_Handler)
    i.Motor_Init                             0x08002c98   Section        0  motor_control.o(i.Motor_Init)
    i.NMI_Handler                            0x08002cd4   Section        0  stm32f1xx_it.o(i.NMI_Handler)
    i.PID_cauculate_left                     0x08002cd8   Section        0  motor_control.o(i.PID_cauculate_left)
    i.PID_cauculate_location_left            0x08002dc0   Section        0  motor_control.o(i.PID_cauculate_location_left)
    i.PID_cauculate_location_right           0x08002eb0   Section        0  motor_control.o(i.PID_cauculate_location_right)
    i.PID_cauculate_right                    0x08002fa0   Section        0  motor_control.o(i.PID_cauculate_right)
    i.PendSV_Handler                         0x08003088   Section        0  stm32f1xx_it.o(i.PendSV_Handler)
    i.RCC_Delay                              0x0800308c   Section        0  stm32f1xx_hal_rcc.o(i.RCC_Delay)
    RCC_Delay                                0x0800308d   Thumb Code    36  stm32f1xx_hal_rcc.o(i.RCC_Delay)
    i.SVC_Handler                            0x080030b4   Section        0  stm32f1xx_it.o(i.SVC_Handler)
    i.SysTick_Handler                        0x080030b6   Section        0  stm32f1xx_it.o(i.SysTick_Handler)
    i.SystemClock_Config                     0x080030be   Section        0  main.o(i.SystemClock_Config)
    i.SystemInit                             0x08003124   Section        0  system_stm32f1xx.o(i.SystemInit)
    i.TIM1_CC_IRQHandler                     0x08003128   Section        0  stm32f1xx_it.o(i.TIM1_CC_IRQHandler)
    i.TIM1_UP_IRQHandler                     0x08003138   Section        0  stm32f1xx_it.o(i.TIM1_UP_IRQHandler)
    i.TIM2_IRQHandler                        0x08003148   Section        0  stm32f1xx_it.o(i.TIM2_IRQHandler)
    i.TIM_Base_SetConfig                     0x08003158   Section        0  stm32f1xx_hal_tim.o(i.TIM_Base_SetConfig)
    i.TIM_CCxChannelCmd                      0x080031cc   Section        0  stm32f1xx_hal_tim.o(i.TIM_CCxChannelCmd)
    i.TIM_ETR_SetConfig                      0x080031ee   Section        0  stm32f1xx_hal_tim.o(i.TIM_ETR_SetConfig)
    i.TIM_ITRx_SetConfig                     0x08003204   Section        0  stm32f1xx_hal_tim.o(i.TIM_ITRx_SetConfig)
    TIM_ITRx_SetConfig                       0x08003205   Thumb Code    18  stm32f1xx_hal_tim.o(i.TIM_ITRx_SetConfig)
    i.TIM_OC1_SetConfig                      0x08003218   Section        0  stm32f1xx_hal_tim.o(i.TIM_OC1_SetConfig)
    TIM_OC1_SetConfig                        0x08003219   Thumb Code    90  stm32f1xx_hal_tim.o(i.TIM_OC1_SetConfig)
    i.TIM_OC2_SetConfig                      0x08003278   Section        0  stm32f1xx_hal_tim.o(i.TIM_OC2_SetConfig)
    i.TIM_OC3_SetConfig                      0x080032e0   Section        0  stm32f1xx_hal_tim.o(i.TIM_OC3_SetConfig)
    TIM_OC3_SetConfig                        0x080032e1   Thumb Code    98  stm32f1xx_hal_tim.o(i.TIM_OC3_SetConfig)
    i.TIM_OC4_SetConfig                      0x08003348   Section        0  stm32f1xx_hal_tim.o(i.TIM_OC4_SetConfig)
    TIM_OC4_SetConfig                        0x08003349   Thumb Code    68  stm32f1xx_hal_tim.o(i.TIM_OC4_SetConfig)
    i.TIM_TI1_ConfigInputStage               0x08003390   Section        0  stm32f1xx_hal_tim.o(i.TIM_TI1_ConfigInputStage)
    TIM_TI1_ConfigInputStage                 0x08003391   Thumb Code    38  stm32f1xx_hal_tim.o(i.TIM_TI1_ConfigInputStage)
    i.TIM_TI1_SetConfig                      0x080033b8   Section        0  stm32f1xx_hal_tim.o(i.TIM_TI1_SetConfig)
    i.TIM_TI2_ConfigInputStage               0x08003420   Section        0  stm32f1xx_hal_tim.o(i.TIM_TI2_ConfigInputStage)
    TIM_TI2_ConfigInputStage                 0x08003421   Thumb Code    40  stm32f1xx_hal_tim.o(i.TIM_TI2_ConfigInputStage)
    i.TIM_TI2_SetConfig                      0x08003448   Section        0  stm32f1xx_hal_tim.o(i.TIM_TI2_SetConfig)
    TIM_TI2_SetConfig                        0x08003449   Thumb Code    58  stm32f1xx_hal_tim.o(i.TIM_TI2_SetConfig)
    i.TIM_TI3_SetConfig                      0x08003482   Section        0  stm32f1xx_hal_tim.o(i.TIM_TI3_SetConfig)
    TIM_TI3_SetConfig                        0x08003483   Thumb Code    56  stm32f1xx_hal_tim.o(i.TIM_TI3_SetConfig)
    i.TIM_TI4_SetConfig                      0x080034ba   Section        0  stm32f1xx_hal_tim.o(i.TIM_TI4_SetConfig)
    TIM_TI4_SetConfig                        0x080034bb   Thumb Code    60  stm32f1xx_hal_tim.o(i.TIM_TI4_SetConfig)
    i.UART_DMAAbortOnError                   0x080034f6   Section        0  stm32f1xx_hal_uart.o(i.UART_DMAAbortOnError)
    UART_DMAAbortOnError                     0x080034f7   Thumb Code    20  stm32f1xx_hal_uart.o(i.UART_DMAAbortOnError)
    i.UART_EndRxTransfer                     0x0800350a   Section        0  stm32f1xx_hal_uart.o(i.UART_EndRxTransfer)
    UART_EndRxTransfer                       0x0800350b   Thumb Code    54  stm32f1xx_hal_uart.o(i.UART_EndRxTransfer)
    i.UART_EndTransmit_IT                    0x08003540   Section        0  stm32f1xx_hal_uart.o(i.UART_EndTransmit_IT)
    UART_EndTransmit_IT                      0x08003541   Thumb Code    32  stm32f1xx_hal_uart.o(i.UART_EndTransmit_IT)
    i.UART_Receive_IT                        0x08003560   Section        0  stm32f1xx_hal_uart.o(i.UART_Receive_IT)
    UART_Receive_IT                          0x08003561   Thumb Code   228  stm32f1xx_hal_uart.o(i.UART_Receive_IT)
    i.UART_SetConfig                         0x08003644   Section        0  stm32f1xx_hal_uart.o(i.UART_SetConfig)
    UART_SetConfig                           0x08003645   Thumb Code   248  stm32f1xx_hal_uart.o(i.UART_SetConfig)
    i.UART_Start_Receive_IT                  0x08003740   Section        0  stm32f1xx_hal_uart.o(i.UART_Start_Receive_IT)
    i.UART_Transmit_IT                       0x08003786   Section        0  stm32f1xx_hal_uart.o(i.UART_Transmit_IT)
    UART_Transmit_IT                         0x08003787   Thumb Code    96  stm32f1xx_hal_uart.o(i.UART_Transmit_IT)
    i.UART_WaitOnFlagUntilTimeout            0x080037e6   Section        0  stm32f1xx_hal_uart.o(i.UART_WaitOnFlagUntilTimeout)
    UART_WaitOnFlagUntilTimeout              0x080037e7   Thumb Code   108  stm32f1xx_hal_uart.o(i.UART_WaitOnFlagUntilTimeout)
    i.USART1_IRQHandler                      0x08003854   Section        0  stm32f1xx_it.o(i.USART1_IRQHandler)
    i.USART3_IRQHandler                      0x08003864   Section        0  stm32f1xx_it.o(i.USART3_IRQHandler)
    i.UsageFault_Handler                     0x08003874   Section        0  stm32f1xx_it.o(i.UsageFault_Handler)
    i.__0printf$2                            0x08003878   Section        0  printf2.o(i.__0printf$2)
    i.__NVIC_GetPriorityGrouping             0x08003898   Section        0  stm32f1xx_hal_cortex.o(i.__NVIC_GetPriorityGrouping)
    __NVIC_GetPriorityGrouping               0x08003899   Thumb Code    10  stm32f1xx_hal_cortex.o(i.__NVIC_GetPriorityGrouping)
    i.__NVIC_SetPriority                     0x080038a8   Section        0  stm32f1xx_hal_cortex.o(i.__NVIC_SetPriority)
    __NVIC_SetPriority                       0x080038a9   Thumb Code    32  stm32f1xx_hal_cortex.o(i.__NVIC_SetPriority)
    i.__scatterload_copy                     0x080038d0   Section       14  handlers.o(i.__scatterload_copy)
    i.__scatterload_null                     0x080038de   Section        2  handlers.o(i.__scatterload_null)
    i.__scatterload_zeroinit                 0x080038e0   Section       14  handlers.o(i.__scatterload_zeroinit)
    i._printf_core                           0x080038ee   Section        0  printf2.o(i._printf_core)
    _printf_core                             0x080038ef   Thumb Code   214  printf2.o(i._printf_core)
    i.car_start                              0x080039c4   Section        0  motion.o(i.car_start)
    i.car_stop                               0x08003a84   Section        0  motion.o(i.car_stop)
    i.fputc                                  0x08003ac0   Section        0  main.o(i.fputc)
    i.main                                   0x08003adc   Section        0  main.o(i.main)
    i.move_adjust                            0x08003c88   Section        0  motion.o(i.move_adjust)
    i.set_location_left                      0x08003f10   Section        0  motor_control.o(i.set_location_left)
    i.set_location_right                     0x08003fdc   Section        0  motor_control.o(i.set_location_right)
    i.set_speed_left                         0x080040a4   Section        0  motor_control.o(i.set_speed_left)
    i.set_speed_right                        0x08004210   Section        0  motor_control.o(i.set_speed_right)
    .constdata                               0x08004378   Section       24  system_stm32f1xx.o(.constdata)
    .data                                    0x20000000   Section      120  main.o(.data)
    .data                                    0x20000078   Section        9  stm32f1xx_hal.o(.data)
    .data                                    0x20000084   Section        4  system_stm32f1xx.o(.data)
    .data                                    0x20000088   Section      176  motor_control.o(.data)
    .data                                    0x20000138   Section       48  uart.o(.data)
    .data                                    0x20000168   Section      224  motion.o(.data)
    .data                                    0x20000248   Section        4  stdout.o(.data)
    .bss                                     0x2000024c   Section      216  tim.o(.bss)
    .bss                                     0x20000324   Section      136  usart.o(.bss)
    .bss                                     0x200003ac   Section      256  uart.o(.bss)
    STACK                                    0x200004b0   Section     1024  startup_stm32f103xb.o(STACK)

    Global Symbols

    Symbol Name                              Value     Ov Type        Size  Object(Section)

    BuildAttributes$$THM_ISAv4$P$D$K$B$S$PE$A:L22UL41UL21$X:L11$S22US41US21$IEEE1$IW$USESV6$~STKCKD$USESV7$~SHL$OSPACE$ROPI$EBA8$MICROLIB$REQ8$PRES8$EABIv2 0x00000000   Number         0  anon$$obj.o ABSOLUTE
    __ARM_use_no_argv                        0x00000000   Number         0  main.o ABSOLUTE
    _printf_a                                0x00000000   Number         0  stubs.o ABSOLUTE
    _printf_c                                0x00000000   Number         0  stubs.o ABSOLUTE
    _printf_charcount                        0x00000000   Number         0  stubs.o ABSOLUTE
    _printf_d                                0x00000000   Number         0  stubs.o ABSOLUTE
    _printf_e                                0x00000000   Number         0  stubs.o ABSOLUTE
    _printf_f                                0x00000000   Number         0  stubs.o ABSOLUTE
    _printf_flags                            0x00000000   Number         0  stubs.o ABSOLUTE
    _printf_fp_dec                           0x00000000   Number         0  stubs.o ABSOLUTE
    _printf_fp_hex                           0x00000000   Number         0  stubs.o ABSOLUTE
    _printf_g                                0x00000000   Number         0  stubs.o ABSOLUTE
    _printf_i                                0x00000000   Number         0  stubs.o ABSOLUTE
    _printf_int_dec                          0x00000000   Number         0  stubs.o ABSOLUTE
    _printf_l                                0x00000000   Number         0  stubs.o ABSOLUTE
    _printf_lc                               0x00000000   Number         0  stubs.o ABSOLUTE
    _printf_ll                               0x00000000   Number         0  stubs.o ABSOLUTE
    _printf_lld                              0x00000000   Number         0  stubs.o ABSOLUTE
    _printf_lli                              0x00000000   Number         0  stubs.o ABSOLUTE
    _printf_llo                              0x00000000   Number         0  stubs.o ABSOLUTE
    _printf_llu                              0x00000000   Number         0  stubs.o ABSOLUTE
    _printf_llx                              0x00000000   Number         0  stubs.o ABSOLUTE
    _printf_longlong_dec                     0x00000000   Number         0  stubs.o ABSOLUTE
    _printf_longlong_hex                     0x00000000   Number         0  stubs.o ABSOLUTE
    _printf_longlong_oct                     0x00000000   Number         0  stubs.o ABSOLUTE
    _printf_ls                               0x00000000   Number         0  stubs.o ABSOLUTE
    _printf_mbtowc                           0x00000000   Number         0  stubs.o ABSOLUTE
    _printf_n                                0x00000000   Number         0  stubs.o ABSOLUTE
    _printf_o                                0x00000000   Number         0  stubs.o ABSOLUTE
    _printf_p                                0x00000000   Number         0  stubs.o ABSOLUTE
    _printf_percent                          0x00000000   Number         0  stubs.o ABSOLUTE
    _printf_pre_padding                      0x00000000   Number         0  stubs.o ABSOLUTE
    _printf_return_value                     0x00000000   Number         0  stubs.o ABSOLUTE
    _printf_s                                0x00000000   Number         0  stubs.o ABSOLUTE
    _printf_sizespec                         0x00000000   Number         0  stubs.o ABSOLUTE
    _printf_str                              0x00000000   Number         0  stubs.o ABSOLUTE
    _printf_truncate_signed                  0x00000000   Number         0  stubs.o ABSOLUTE
    _printf_truncate_unsigned                0x00000000   Number         0  stubs.o ABSOLUTE
    _printf_u                                0x00000000   Number         0  stubs.o ABSOLUTE
    _printf_wc                               0x00000000   Number         0  stubs.o ABSOLUTE
    _printf_wctomb                           0x00000000   Number         0  stubs.o ABSOLUTE
    _printf_widthprec                        0x00000000   Number         0  stubs.o ABSOLUTE
    _printf_x                                0x00000000   Number         0  stubs.o ABSOLUTE
    __cpp_initialize__aeabi_                  - Undefined Weak Reference
    __cxa_finalize                            - Undefined Weak Reference
    _clock_init                               - Undefined Weak Reference
    _microlib_exit                            - Undefined Weak Reference
    __Vectors_Size                           0x000000ec   Number         0  startup_stm32f103xb.o ABSOLUTE
    __Vectors                                0x08000000   Data           4  startup_stm32f103xb.o(RESET)
    __Vectors_End                            0x080000ec   Data           0  startup_stm32f103xb.o(RESET)
    __main                                   0x080000ed   Thumb Code     0  entry.o(.ARM.Collect$$$$00000000)
    _main_stk                                0x080000ed   Thumb Code     0  entry2.o(.ARM.Collect$$$$00000001)
    _main_scatterload                        0x080000f1   Thumb Code     0  entry5.o(.ARM.Collect$$$$00000004)
    __main_after_scatterload                 0x080000f5   Thumb Code     0  entry5.o(.ARM.Collect$$$$00000004)
    _main_clock                              0x080000f5   Thumb Code     0  entry7b.o(.ARM.Collect$$$$00000008)
    _main_cpp_init                           0x080000f5   Thumb Code     0  entry8b.o(.ARM.Collect$$$$0000000A)
    _main_init                               0x080000f5   Thumb Code     0  entry9a.o(.ARM.Collect$$$$0000000B)
    __rt_final_cpp                           0x080000fd   Thumb Code     0  entry10a.o(.ARM.Collect$$$$0000000D)
    __rt_final_exit                          0x080000fd   Thumb Code     0  entry11a.o(.ARM.Collect$$$$0000000F)
    Reset_Handler                            0x08000101   Thumb Code     8  startup_stm32f103xb.o(.text)
    ADC1_2_IRQHandler                        0x0800011b   Thumb Code     0  startup_stm32f103xb.o(.text)
    CAN1_RX1_IRQHandler                      0x0800011b   Thumb Code     0  startup_stm32f103xb.o(.text)
    CAN1_SCE_IRQHandler                      0x0800011b   Thumb Code     0  startup_stm32f103xb.o(.text)
    DMA1_Channel1_IRQHandler                 0x0800011b   Thumb Code     0  startup_stm32f103xb.o(.text)
    DMA1_Channel2_IRQHandler                 0x0800011b   Thumb Code     0  startup_stm32f103xb.o(.text)
    DMA1_Channel3_IRQHandler                 0x0800011b   Thumb Code     0  startup_stm32f103xb.o(.text)
    DMA1_Channel4_IRQHandler                 0x0800011b   Thumb Code     0  startup_stm32f103xb.o(.text)
    DMA1_Channel5_IRQHandler                 0x0800011b   Thumb Code     0  startup_stm32f103xb.o(.text)
    DMA1_Channel6_IRQHandler                 0x0800011b   Thumb Code     0  startup_stm32f103xb.o(.text)
    DMA1_Channel7_IRQHandler                 0x0800011b   Thumb Code     0  startup_stm32f103xb.o(.text)
    EXTI0_IRQHandler                         0x0800011b   Thumb Code     0  startup_stm32f103xb.o(.text)
    EXTI15_10_IRQHandler                     0x0800011b   Thumb Code     0  startup_stm32f103xb.o(.text)
    EXTI1_IRQHandler                         0x0800011b   Thumb Code     0  startup_stm32f103xb.o(.text)
    EXTI2_IRQHandler                         0x0800011b   Thumb Code     0  startup_stm32f103xb.o(.text)
    EXTI3_IRQHandler                         0x0800011b   Thumb Code     0  startup_stm32f103xb.o(.text)
    EXTI4_IRQHandler                         0x0800011b   Thumb Code     0  startup_stm32f103xb.o(.text)
    EXTI9_5_IRQHandler                       0x0800011b   Thumb Code     0  startup_stm32f103xb.o(.text)
    FLASH_IRQHandler                         0x0800011b   Thumb Code     0  startup_stm32f103xb.o(.text)
    I2C1_ER_IRQHandler                       0x0800011b   Thumb Code     0  startup_stm32f103xb.o(.text)
    I2C1_EV_IRQHandler                       0x0800011b   Thumb Code     0  startup_stm32f103xb.o(.text)
    I2C2_ER_IRQHandler                       0x0800011b   Thumb Code     0  startup_stm32f103xb.o(.text)
    I2C2_EV_IRQHandler                       0x0800011b   Thumb Code     0  startup_stm32f103xb.o(.text)
    PVD_IRQHandler                           0x0800011b   Thumb Code     0  startup_stm32f103xb.o(.text)
    RCC_IRQHandler                           0x0800011b   Thumb Code     0  startup_stm32f103xb.o(.text)
    RTC_Alarm_IRQHandler                     0x0800011b   Thumb Code     0  startup_stm32f103xb.o(.text)
    RTC_IRQHandler                           0x0800011b   Thumb Code     0  startup_stm32f103xb.o(.text)
    SPI1_IRQHandler                          0x0800011b   Thumb Code     0  startup_stm32f103xb.o(.text)
    SPI2_IRQHandler                          0x0800011b   Thumb Code     0  startup_stm32f103xb.o(.text)
    TAMPER_IRQHandler                        0x0800011b   Thumb Code     0  startup_stm32f103xb.o(.text)
    TIM1_BRK_IRQHandler                      0x0800011b   Thumb Code     0  startup_stm32f103xb.o(.text)
    TIM1_TRG_COM_IRQHandler                  0x0800011b   Thumb Code     0  startup_stm32f103xb.o(.text)
    TIM3_IRQHandler                          0x0800011b   Thumb Code     0  startup_stm32f103xb.o(.text)
    TIM4_IRQHandler                          0x0800011b   Thumb Code     0  startup_stm32f103xb.o(.text)
    USART2_IRQHandler                        0x0800011b   Thumb Code     0  startup_stm32f103xb.o(.text)
    USBWakeUp_IRQHandler                     0x0800011b   Thumb Code     0  startup_stm32f103xb.o(.text)
    USB_HP_CAN1_TX_IRQHandler                0x0800011b   Thumb Code     0  startup_stm32f103xb.o(.text)
    USB_LP_CAN1_RX0_IRQHandler               0x0800011b   Thumb Code     0  startup_stm32f103xb.o(.text)
    WWDG_IRQHandler                          0x0800011b   Thumb Code     0  startup_stm32f103xb.o(.text)
    __aeabi_llsr                             0x08000125   Thumb Code    32  llushr.o(.text)
    _ll_ushift_r                             0x08000125   Thumb Code     0  llushr.o(.text)
    __aeabi_memset                           0x08000145   Thumb Code    14  memseta.o(.text)
    __aeabi_memset4                          0x08000145   Thumb Code     0  memseta.o(.text)
    __aeabi_memset8                          0x08000145   Thumb Code     0  memseta.o(.text)
    __aeabi_memclr                           0x08000153   Thumb Code     4  memseta.o(.text)
    __aeabi_memclr4                          0x08000153   Thumb Code     0  memseta.o(.text)
    __aeabi_memclr8                          0x08000153   Thumb Code     0  memseta.o(.text)
    _memset$wrapper                          0x08000157   Thumb Code    18  memseta.o(.text)
    __aeabi_dadd                             0x08000169   Thumb Code   322  dadd.o(.text)
    __aeabi_dsub                             0x080002ab   Thumb Code     6  dadd.o(.text)
    __aeabi_drsub                            0x080002b1   Thumb Code     6  dadd.o(.text)
    __aeabi_dmul                             0x080002b7   Thumb Code   228  dmul.o(.text)
    __aeabi_ddiv                             0x0800039b   Thumb Code   222  ddiv.o(.text)
    __aeabi_i2d                              0x08000479   Thumb Code    34  dflti.o(.text)
    __aeabi_ui2d                             0x0800049b   Thumb Code    26  dfltui.o(.text)
    __aeabi_d2iz                             0x080004b5   Thumb Code    62  dfixi.o(.text)
    __aeabi_cdcmpeq                          0x080004f5   Thumb Code     0  cdcmple.o(.text)
    __aeabi_cdcmple                          0x080004f5   Thumb Code    48  cdcmple.o(.text)
    __aeabi_cdrcmple                         0x08000525   Thumb Code    48  cdrcmple.o(.text)
    __aeabi_llsl                             0x08000555   Thumb Code    30  llshl.o(.text)
    _ll_shift_l                              0x08000555   Thumb Code     0  llshl.o(.text)
    __aeabi_lasr                             0x08000573   Thumb Code    36  llsshr.o(.text)
    _ll_sshift_r                             0x08000573   Thumb Code     0  llsshr.o(.text)
    __I$use$fp                               0x08000597   Thumb Code     0  iusefp.o(.text)
    _double_round                            0x08000597   Thumb Code    30  depilogue.o(.text)
    _double_epilogue                         0x080005b5   Thumb Code   156  depilogue.o(.text)
    __scatterload                            0x08000651   Thumb Code    28  init.o(.text)
    __scatterload_rt2                        0x08000651   Thumb Code     0  init.o(.text)
    __decompress                             0x08000675   Thumb Code     0  __dczerorl2.o(.text)
    __decompress1                            0x08000675   Thumb Code    86  __dczerorl2.o(.text)
    BusFault_Handler                         0x080006cb   Thumb Code     4  stm32f1xx_it.o(i.BusFault_Handler)
    DebugMon_Handler                         0x080006cf   Thumb Code     2  stm32f1xx_it.o(i.DebugMon_Handler)
    Error_Handler                            0x080006d1   Thumb Code     6  main.o(i.Error_Handler)
    HAL_DMA_Abort                            0x080006d7   Thumb Code    86  stm32f1xx_hal_dma.o(i.HAL_DMA_Abort)
    HAL_DMA_Abort_IT                         0x0800072d   Thumb Code   172  stm32f1xx_hal_dma.o(i.HAL_DMA_Abort_IT)
    HAL_Delay                                0x080007dd   Thumb Code    36  stm32f1xx_hal.o(i.HAL_Delay)
    HAL_GPIO_Init                            0x08000805   Thumb Code   766  stm32f1xx_hal_gpio.o(i.HAL_GPIO_Init)
    HAL_GPIO_ReadPin                         0x08000b25   Thumb Code    16  stm32f1xx_hal_gpio.o(i.HAL_GPIO_ReadPin)
    HAL_GPIO_WritePin                        0x08000b35   Thumb Code    12  stm32f1xx_hal_gpio.o(i.HAL_GPIO_WritePin)
    HAL_GetTick                              0x08000b41   Thumb Code     6  stm32f1xx_hal.o(i.HAL_GetTick)
    HAL_IncTick                              0x08000b4d   Thumb Code    16  stm32f1xx_hal.o(i.HAL_IncTick)
    HAL_Init                                 0x08000b65   Thumb Code    34  stm32f1xx_hal.o(i.HAL_Init)
    HAL_InitTick                             0x08000b8d   Thumb Code    64  stm32f1xx_hal.o(i.HAL_InitTick)
    HAL_MspInit                              0x08000bd9   Thumb Code    76  stm32f1xx_hal_msp.o(i.HAL_MspInit)
    HAL_NVIC_EnableIRQ                       0x08000c2d   Thumb Code    32  stm32f1xx_hal_cortex.o(i.HAL_NVIC_EnableIRQ)
    HAL_NVIC_SetPriority                     0x08000c4d   Thumb Code   124  stm32f1xx_hal_cortex.o(i.HAL_NVIC_SetPriority)
    HAL_NVIC_SetPriorityGrouping             0x08000cc9   Thumb Code    32  stm32f1xx_hal_cortex.o(i.HAL_NVIC_SetPriorityGrouping)
    HAL_RCC_ClockConfig                      0x08000cf1   Thumb Code   376  stm32f1xx_hal_rcc.o(i.HAL_RCC_ClockConfig)
    HAL_RCC_GetHCLKFreq                      0x08000e7d   Thumb Code     6  stm32f1xx_hal_rcc.o(i.HAL_RCC_GetHCLKFreq)
    HAL_RCC_GetPCLK1Freq                     0x08000e89   Thumb Code    22  stm32f1xx_hal_rcc.o(i.HAL_RCC_GetPCLK1Freq)
    HAL_RCC_GetPCLK2Freq                     0x08000ea9   Thumb Code    22  stm32f1xx_hal_rcc.o(i.HAL_RCC_GetPCLK2Freq)
    HAL_RCC_GetSysClockFreq                  0x08000ec9   Thumb Code   116  stm32f1xx_hal_rcc.o(i.HAL_RCC_GetSysClockFreq)
    HAL_RCC_OscConfig                        0x08000f5d   Thumb Code  1114  stm32f1xx_hal_rcc.o(i.HAL_RCC_OscConfig)
    HAL_SYSTICK_Config                       0x080013c1   Thumb Code    52  stm32f1xx_hal_cortex.o(i.HAL_SYSTICK_Config)
    HAL_TIMEx_BreakCallback                  0x080013f5   Thumb Code     2  stm32f1xx_hal_tim_ex.o(i.HAL_TIMEx_BreakCallback)
    HAL_TIMEx_CommutCallback                 0x080013f7   Thumb Code     2  stm32f1xx_hal_tim_ex.o(i.HAL_TIMEx_CommutCallback)
    HAL_TIMEx_MasterConfigSynchronization    0x080013f9   Thumb Code   118  stm32f1xx_hal_tim_ex.o(i.HAL_TIMEx_MasterConfigSynchronization)
    HAL_TIM_Base_Init                        0x0800147d   Thumb Code   102  stm32f1xx_hal_tim.o(i.HAL_TIM_Base_Init)
    HAL_TIM_Base_MspInit                     0x080014e5   Thumb Code   228  tim.o(i.HAL_TIM_Base_MspInit)
    HAL_TIM_Base_Start_IT                    0x080015d9   Thumb Code   106  stm32f1xx_hal_tim.o(i.HAL_TIM_Base_Start_IT)
    HAL_TIM_ConfigClockSource                0x08001651   Thumb Code   264  stm32f1xx_hal_tim.o(i.HAL_TIM_ConfigClockSource)
    HAL_TIM_IC_CaptureCallback               0x08001759   Thumb Code   492  main.o(i.HAL_TIM_IC_CaptureCallback)
    HAL_TIM_IC_ConfigChannel                 0x08001989   Thumb Code   212  stm32f1xx_hal_tim.o(i.HAL_TIM_IC_ConfigChannel)
    HAL_TIM_IC_Init                          0x08001a5d   Thumb Code   102  stm32f1xx_hal_tim.o(i.HAL_TIM_IC_Init)
    HAL_TIM_IC_MspInit                       0x08001ac3   Thumb Code     2  stm32f1xx_hal_tim.o(i.HAL_TIM_IC_MspInit)
    HAL_TIM_IC_Start_IT                      0x08001ac5   Thumb Code   332  stm32f1xx_hal_tim.o(i.HAL_TIM_IC_Start_IT)
    HAL_TIM_IRQHandler                       0x08001c1d   Thumb Code   406  stm32f1xx_hal_tim.o(i.HAL_TIM_IRQHandler)
    HAL_TIM_MspPostInit                      0x08001db5   Thumb Code    76  tim.o(i.HAL_TIM_MspPostInit)
    HAL_TIM_OC_DelayElapsedCallback          0x08001e0d   Thumb Code     2  stm32f1xx_hal_tim.o(i.HAL_TIM_OC_DelayElapsedCallback)
    HAL_TIM_PWM_ConfigChannel                0x08001e0f   Thumb Code   252  stm32f1xx_hal_tim.o(i.HAL_TIM_PWM_ConfigChannel)
    HAL_TIM_PWM_Init                         0x08001f0b   Thumb Code   102  stm32f1xx_hal_tim.o(i.HAL_TIM_PWM_Init)
    HAL_TIM_PWM_MspInit                      0x08001f71   Thumb Code     2  stm32f1xx_hal_tim.o(i.HAL_TIM_PWM_MspInit)
    HAL_TIM_PWM_PulseFinishedCallback        0x08001f73   Thumb Code     2  stm32f1xx_hal_tim.o(i.HAL_TIM_PWM_PulseFinishedCallback)
    HAL_TIM_PWM_Start                        0x08001f75   Thumb Code   198  stm32f1xx_hal_tim.o(i.HAL_TIM_PWM_Start)
    HAL_TIM_PeriodElapsedCallback            0x08002049   Thumb Code   186  main.o(i.HAL_TIM_PeriodElapsedCallback)
    HAL_TIM_ReadCapturedValue                0x08002139   Thumb Code    50  stm32f1xx_hal_tim.o(i.HAL_TIM_ReadCapturedValue)
    HAL_TIM_TriggerCallback                  0x0800216b   Thumb Code     2  stm32f1xx_hal_tim.o(i.HAL_TIM_TriggerCallback)
    HAL_UARTEx_RxEventCallback               0x0800216d   Thumb Code     2  stm32f1xx_hal_uart.o(i.HAL_UARTEx_RxEventCallback)
    HAL_UART_ErrorCallback                   0x0800216f   Thumb Code     2  stm32f1xx_hal_uart.o(i.HAL_UART_ErrorCallback)
    HAL_UART_IRQHandler                      0x08002171   Thumb Code   582  stm32f1xx_hal_uart.o(i.HAL_UART_IRQHandler)
    HAL_UART_Init                            0x080023bd   Thumb Code   114  stm32f1xx_hal_uart.o(i.HAL_UART_Init)
    HAL_UART_MspInit                         0x08002431   Thumb Code   274  usart.o(i.HAL_UART_MspInit)
    HAL_UART_Receive_IT                      0x08002559   Thumb Code    66  stm32f1xx_hal_uart.o(i.HAL_UART_Receive_IT)
    HAL_UART_RxCpltCallback                  0x0800259d   Thumb Code   644  uart.o(i.HAL_UART_RxCpltCallback)
    HAL_UART_Transmit                        0x08002869   Thumb Code   210  stm32f1xx_hal_uart.o(i.HAL_UART_Transmit)
    HAL_UART_TxCpltCallback                  0x0800293b   Thumb Code     2  stm32f1xx_hal_uart.o(i.HAL_UART_TxCpltCallback)
    HardFault_Handler                        0x0800293d   Thumb Code     4  stm32f1xx_it.o(i.HardFault_Handler)
    MX_GPIO_Init                             0x08002941   Thumb Code   256  gpio.o(i.MX_GPIO_Init)
    MX_TIM1_Init                             0x08002a51   Thumb Code   170  tim.o(i.MX_TIM1_Init)
    MX_TIM2_Init                             0x08002b05   Thumb Code   104  tim.o(i.MX_TIM2_Init)
    MX_TIM4_Init                             0x08002b71   Thumb Code   172  tim.o(i.MX_TIM4_Init)
    MX_USART1_UART_Init                      0x08002c25   Thumb Code    46  usart.o(i.MX_USART1_UART_Init)
    MX_USART3_UART_Init                      0x08002c5d   Thumb Code    46  usart.o(i.MX_USART3_UART_Init)
    MemManage_Handler                        0x08002c95   Thumb Code     4  stm32f1xx_it.o(i.MemManage_Handler)
    Motor_Init                               0x08002c99   Thumb Code    48  motor_control.o(i.Motor_Init)
    NMI_Handler                              0x08002cd5   Thumb Code     4  stm32f1xx_it.o(i.NMI_Handler)
    PID_cauculate_left                       0x08002cd9   Thumb Code   196  motor_control.o(i.PID_cauculate_left)
    PID_cauculate_location_left              0x08002dc1   Thumb Code   192  motor_control.o(i.PID_cauculate_location_left)
    PID_cauculate_location_right             0x08002eb1   Thumb Code   192  motor_control.o(i.PID_cauculate_location_right)
    PID_cauculate_right                      0x08002fa1   Thumb Code   196  motor_control.o(i.PID_cauculate_right)
    PendSV_Handler                           0x08003089   Thumb Code     2  stm32f1xx_it.o(i.PendSV_Handler)
    SVC_Handler                              0x080030b5   Thumb Code     2  stm32f1xx_it.o(i.SVC_Handler)
    SysTick_Handler                          0x080030b7   Thumb Code     8  stm32f1xx_it.o(i.SysTick_Handler)
    SystemClock_Config                       0x080030bf   Thumb Code   102  main.o(i.SystemClock_Config)
    SystemInit                               0x08003125   Thumb Code     2  system_stm32f1xx.o(i.SystemInit)
    TIM1_CC_IRQHandler                       0x08003129   Thumb Code    10  stm32f1xx_it.o(i.TIM1_CC_IRQHandler)
    TIM1_UP_IRQHandler                       0x08003139   Thumb Code    10  stm32f1xx_it.o(i.TIM1_UP_IRQHandler)
    TIM2_IRQHandler                          0x08003149   Thumb Code    10  stm32f1xx_it.o(i.TIM2_IRQHandler)
    TIM_Base_SetConfig                       0x08003159   Thumb Code   104  stm32f1xx_hal_tim.o(i.TIM_Base_SetConfig)
    TIM_CCxChannelCmd                        0x080031cd   Thumb Code    34  stm32f1xx_hal_tim.o(i.TIM_CCxChannelCmd)
    TIM_ETR_SetConfig                        0x080031ef   Thumb Code    22  stm32f1xx_hal_tim.o(i.TIM_ETR_SetConfig)
    TIM_OC2_SetConfig                        0x08003279   Thumb Code   100  stm32f1xx_hal_tim.o(i.TIM_OC2_SetConfig)
    TIM_TI1_SetConfig                        0x080033b9   Thumb Code    90  stm32f1xx_hal_tim.o(i.TIM_TI1_SetConfig)
    UART_Start_Receive_IT                    0x08003741   Thumb Code    70  stm32f1xx_hal_uart.o(i.UART_Start_Receive_IT)
    USART1_IRQHandler                        0x08003855   Thumb Code    10  stm32f1xx_it.o(i.USART1_IRQHandler)
    USART3_IRQHandler                        0x08003865   Thumb Code    10  stm32f1xx_it.o(i.USART3_IRQHandler)
    UsageFault_Handler                       0x08003875   Thumb Code     4  stm32f1xx_it.o(i.UsageFault_Handler)
    __0printf$2                              0x08003879   Thumb Code    22  printf2.o(i.__0printf$2)
    __1printf$2                              0x08003879   Thumb Code     0  printf2.o(i.__0printf$2)
    __2printf                                0x08003879   Thumb Code     0  printf2.o(i.__0printf$2)
    __scatterload_copy                       0x080038d1   Thumb Code    14  handlers.o(i.__scatterload_copy)
    __scatterload_null                       0x080038df   Thumb Code     2  handlers.o(i.__scatterload_null)
    __scatterload_zeroinit                   0x080038e1   Thumb Code    14  handlers.o(i.__scatterload_zeroinit)
    car_start                                0x080039c5   Thumb Code   138  motion.o(i.car_start)
    car_stop                                 0x08003a85   Thumb Code    48  motion.o(i.car_stop)
    fputc                                    0x08003ac1   Thumb Code    22  main.o(i.fputc)
    main                                     0x08003add   Thumb Code   352  main.o(i.main)
    move_adjust                              0x08003c89   Thumb Code   540  motion.o(i.move_adjust)
    set_location_left                        0x08003f11   Thumb Code   190  motor_control.o(i.set_location_left)
    set_location_right                       0x08003fdd   Thumb Code   188  motor_control.o(i.set_location_right)
    set_speed_left                           0x080040a5   Thumb Code   326  motor_control.o(i.set_speed_left)
    set_speed_right                          0x08004211   Thumb Code   322  motor_control.o(i.set_speed_right)
    AHBPrescTable                            0x08004378   Data          16  system_stm32f1xx.o(.constdata)
    APBPrescTable                            0x08004388   Data           8  system_stm32f1xx.o(.constdata)
    Region$$Table$$Base                      0x08004390   Number         0  anon$$obj.o(Region$$Table)
    Region$$Table$$Limit                     0x080043b0   Number         0  anon$$obj.o(Region$$Table)
    TIM1_OVER                                0x20000000   Data           8  main.o(.data)
    TIM1_CH3_VAL                             0x20000008   Data           8  main.o(.data)
    Last_TIM1_CH3_VAL                        0x20000010   Data           8  main.o(.data)
    TIM1_CH4_VAL                             0x20000018   Data           8  main.o(.data)
    Last_TIM1_CH4_VAL                        0x20000020   Data           8  main.o(.data)
    pulse_left                               0x20000028   Data           8  main.o(.data)
    pulse_right                              0x20000030   Data           8  main.o(.data)
    speed_left                               0x20000038   Data           8  main.o(.data)
    speed_right                              0x20000040   Data           8  main.o(.data)
    count_left                               0x20000048   Data           4  main.o(.data)
    count_right                              0x2000004c   Data           4  main.o(.data)
    v_left                                   0x20000050   Data           8  main.o(.data)
    v_right                                  0x20000058   Data           8  main.o(.data)
    roll_left                                0x20000060   Data           4  main.o(.data)
    roll_right                               0x20000064   Data           4  main.o(.data)
    state                                    0x20000068   Data           4  main.o(.data)
    flag                                     0x2000006c   Data           4  main.o(.data)
    flag_admin                               0x20000070   Data           4  main.o(.data)
    n                                        0x20000074   Data           4  main.o(.data)
    uwTick                                   0x20000078   Data           4  stm32f1xx_hal.o(.data)
    uwTickPrio                               0x2000007c   Data           4  stm32f1xx_hal.o(.data)
    uwTickFreq                               0x20000080   Data           1  stm32f1xx_hal.o(.data)
    SystemCoreClock                          0x20000084   Data           4  system_stm32f1xx.o(.data)
    err_left                                 0x20000088   Data           8  motor_control.o(.data)
    I                                        0x20000090   Data           8  motor_control.o(.data)
    D                                        0x20000098   Data           8  motor_control.o(.data)
    last_err_left                            0x200000a0   Data           8  motor_control.o(.data)
    last_last_err_left                       0x200000a8   Data           8  motor_control.o(.data)
    PID_actual_left                          0x200000b0   Data           8  motor_control.o(.data)
    err_right                                0x200000b8   Data           8  motor_control.o(.data)
    last_err_right                           0x200000c0   Data           8  motor_control.o(.data)
    last_last_err_right                      0x200000c8   Data           8  motor_control.o(.data)
    PID_actual_right                         0x200000d0   Data           8  motor_control.o(.data)
    Kp_location                              0x200000d8   Data           8  motor_control.o(.data)
    Ki_location_left                         0x200000e0   Data           8  motor_control.o(.data)
    Ki_location_right                        0x200000e8   Data           8  motor_control.o(.data)
    Kd_location                              0x200000f0   Data           8  motor_control.o(.data)
    err_location_left                        0x200000f8   Data           8  motor_control.o(.data)
    err_location_right                       0x20000100   Data           8  motor_control.o(.data)
    last_err_location_left                   0x20000108   Data           8  motor_control.o(.data)
    last_err_location_right                  0x20000110   Data           8  motor_control.o(.data)
    I_location_left                          0x20000118   Data           8  motor_control.o(.data)
    I_location_right                         0x20000120   Data           8  motor_control.o(.data)
    D_location_left                          0x20000128   Data           8  motor_control.o(.data)
    D_location_right                         0x20000130   Data           8  motor_control.o(.data)
    aRxBuffer                                0x20000138   Data           1  uart.o(.data)
    Uart1_Rx_Cnt                             0x20000139   Data           1  uart.o(.data)
    Uart1_RxFlag                             0x2000013a   Data           1  uart.o(.data)
    cAlmStr                                  0x2000013b   Data          14  uart.o(.data)
    flag_uart                                0x20000149   Data           1  uart.o(.data)
    da                                       0x2000014c   Data           4  uart.o(.data)
    dx                                       0x20000150   Data           4  uart.o(.data)
    color                                    0x20000154   Data           4  uart.o(.data)
    stalow                                   0x20000158   Data           4  uart.o(.data)
    stahigh                                  0x2000015c   Data           4  uart.o(.data)
    flag_a                                   0x20000160   Data           4  uart.o(.data)
    flag_x                                   0x20000164   Data           4  uart.o(.data)
    v_60                                     0x20000168   Data          24  motion.o(.data)
    v_75                                     0x20000180   Data          24  motion.o(.data)
    v                                        0x20000198   Data          24  motion.o(.data)
    v_start                                  0x200001b0   Data           8  motion.o(.data)
    Kp_angle                                 0x200001b8   Data           8  motion.o(.data)
    Ki_angle                                 0x200001c0   Data           8  motion.o(.data)
    Kd_angle                                 0x200001c8   Data           8  motion.o(.data)
    err_angle                                0x200001d0   Data           8  motion.o(.data)
    last_err_angle                           0x200001d8   Data           8  motion.o(.data)
    I_angle                                  0x200001e0   Data           8  motion.o(.data)
    D_angle                                  0x200001e8   Data           8  motion.o(.data)
    d_v_angle                                0x200001f0   Data           8  motion.o(.data)
    d_v_displacement                         0x200001f8   Data           8  motion.o(.data)
    k_angle                                  0x20000200   Data           8  motion.o(.data)
    k_displacement                           0x20000208   Data           8  motion.o(.data)
    Kp_displacement                          0x20000210   Data           8  motion.o(.data)
    Ki_displacement                          0x20000218   Data           8  motion.o(.data)
    Kd_displacement                          0x20000220   Data           8  motion.o(.data)
    err_displacement                         0x20000228   Data           8  motion.o(.data)
    last_err_displacement                    0x20000230   Data           8  motion.o(.data)
    I_displacement                           0x20000238   Data           8  motion.o(.data)
    D_displacement                           0x20000240   Data           8  motion.o(.data)
    __stdout                                 0x20000248   Data           4  stdout.o(.data)
    htim1                                    0x2000024c   Data          72  tim.o(.bss)
    htim2                                    0x20000294   Data          72  tim.o(.bss)
    htim4                                    0x200002dc   Data          72  tim.o(.bss)
    huart1                                   0x20000324   Data          68  usart.o(.bss)
    huart3                                   0x20000368   Data          68  usart.o(.bss)
    Uart1_RxBuff                             0x200003ac   Data         256  uart.o(.bss)
    __initial_sp                             0x200008b0   Data           0  startup_stm32f103xb.o(STACK)



==============================================================================

Memory Map of the image

  Image Entry point : 0x080000ed

  Load Region LR_IROM1 (Base: 0x08000000, Size: 0x000045fc, Max: 0x00010000, ABSOLUTE, COMPRESSED[0x00004430])

    Execution Region ER_IROM1 (Exec base: 0x08000000, Load base: 0x08000000, Size: 0x000043b0, Max: 0x00010000, ABSOLUTE)

    Exec Addr    Load Addr    Size         Type   Attr      Idx    E Section Name        Object

    0x08000000   0x08000000   0x000000ec   Data   RO            3    RESET               startup_stm32f103xb.o
    0x080000ec   0x080000ec   0x00000000   Code   RO         3128  * .ARM.Collect$$$$00000000  mc_w.l(entry.o)
    0x080000ec   0x080000ec   0x00000004   Code   RO         3412    .ARM.Collect$$$$00000001  mc_w.l(entry2.o)
    0x080000f0   0x080000f0   0x00000004   Code   RO         3415    .ARM.Collect$$$$00000004  mc_w.l(entry5.o)
    0x080000f4   0x080000f4   0x00000000   Code   RO         3417    .ARM.Collect$$$$00000008  mc_w.l(entry7b.o)
    0x080000f4   0x080000f4   0x00000000   Code   RO         3419    .ARM.Collect$$$$0000000A  mc_w.l(entry8b.o)
    0x080000f4   0x080000f4   0x00000008   Code   RO         3420    .ARM.Collect$$$$0000000B  mc_w.l(entry9a.o)
    0x080000fc   0x080000fc   0x00000000   Code   RO         3422    .ARM.Collect$$$$0000000D  mc_w.l(entry10a.o)
    0x080000fc   0x080000fc   0x00000000   Code   RO         3424    .ARM.Collect$$$$0000000F  mc_w.l(entry11a.o)
    0x080000fc   0x080000fc   0x00000004   Code   RO         3413    .ARM.Collect$$$$00002712  mc_w.l(entry2.o)
    0x08000100   0x08000100   0x00000024   Code   RO            4    .text               startup_stm32f103xb.o
    0x08000124   0x08000124   0x00000020   Code   RO         3131    .text               mc_w.l(llushr.o)
    0x08000144   0x08000144   0x00000024   Code   RO         3133    .text               mc_w.l(memseta.o)
    0x08000168   0x08000168   0x0000014e   Code   RO         3396    .text               mf_w.l(dadd.o)
    0x080002b6   0x080002b6   0x000000e4   Code   RO         3398    .text               mf_w.l(dmul.o)
    0x0800039a   0x0800039a   0x000000de   Code   RO         3400    .text               mf_w.l(ddiv.o)
    0x08000478   0x08000478   0x00000022   Code   RO         3402    .text               mf_w.l(dflti.o)
    0x0800049a   0x0800049a   0x0000001a   Code   RO         3404    .text               mf_w.l(dfltui.o)
    0x080004b4   0x080004b4   0x0000003e   Code   RO         3406    .text               mf_w.l(dfixi.o)
    0x080004f2   0x080004f2   0x00000002   PAD
    0x080004f4   0x080004f4   0x00000030   Code   RO         3408    .text               mf_w.l(cdcmple.o)
    0x08000524   0x08000524   0x00000030   Code   RO         3410    .text               mf_w.l(cdrcmple.o)
    0x08000554   0x08000554   0x0000001e   Code   RO         3431    .text               mc_w.l(llshl.o)
    0x08000572   0x08000572   0x00000024   Code   RO         3433    .text               mc_w.l(llsshr.o)
    0x08000596   0x08000596   0x00000000   Code   RO         3435    .text               mc_w.l(iusefp.o)
    0x08000596   0x08000596   0x000000ba   Code   RO         3436    .text               mf_w.l(depilogue.o)
    0x08000650   0x08000650   0x00000024   Code   RO         3440    .text               mc_w.l(init.o)
    0x08000674   0x08000674   0x00000056   Code   RO         3450    .text               mc_w.l(__dczerorl2.o)
    0x080006ca   0x080006ca   0x00000004   Code   RO          322    i.BusFault_Handler  stm32f1xx_it.o
    0x080006ce   0x080006ce   0x00000002   Code   RO          323    i.DebugMon_Handler  stm32f1xx_it.o
    0x080006d0   0x080006d0   0x00000006   Code   RO           13    i.Error_Handler     main.o
    0x080006d6   0x080006d6   0x00000056   Code   RO         1856    i.HAL_DMA_Abort     stm32f1xx_hal_dma.o
    0x0800072c   0x0800072c   0x000000b0   Code   RO         1857    i.HAL_DMA_Abort_IT  stm32f1xx_hal_dma.o
    0x080007dc   0x080007dc   0x00000028   Code   RO         1479    i.HAL_Delay         stm32f1xx_hal.o
    0x08000804   0x08000804   0x00000320   Code   RO         1792    i.HAL_GPIO_Init     stm32f1xx_hal_gpio.o
    0x08000b24   0x08000b24   0x00000010   Code   RO         1794    i.HAL_GPIO_ReadPin  stm32f1xx_hal_gpio.o
    0x08000b34   0x08000b34   0x0000000c   Code   RO         1796    i.HAL_GPIO_WritePin  stm32f1xx_hal_gpio.o
    0x08000b40   0x08000b40   0x0000000c   Code   RO         1483    i.HAL_GetTick       stm32f1xx_hal.o
    0x08000b4c   0x08000b4c   0x00000018   Code   RO         1489    i.HAL_IncTick       stm32f1xx_hal.o
    0x08000b64   0x08000b64   0x00000028   Code   RO         1490    i.HAL_Init          stm32f1xx_hal.o
    0x08000b8c   0x08000b8c   0x0000004c   Code   RO         1491    i.HAL_InitTick      stm32f1xx_hal.o
    0x08000bd8   0x08000bd8   0x00000054   Code   RO          428    i.HAL_MspInit       stm32f1xx_hal_msp.o
    0x08000c2c   0x08000c2c   0x00000020   Code   RO         1952    i.HAL_NVIC_EnableIRQ  stm32f1xx_hal_cortex.o
    0x08000c4c   0x08000c4c   0x0000007c   Code   RO         1958    i.HAL_NVIC_SetPriority  stm32f1xx_hal_cortex.o
    0x08000cc8   0x08000cc8   0x00000028   Code   RO         1959    i.HAL_NVIC_SetPriorityGrouping  stm32f1xx_hal_cortex.o
    0x08000cf0   0x08000cf0   0x0000018c   Code   RO         1647    i.HAL_RCC_ClockConfig  stm32f1xx_hal_rcc.o
    0x08000e7c   0x08000e7c   0x0000000c   Code   RO         1652    i.HAL_RCC_GetHCLKFreq  stm32f1xx_hal_rcc.o
    0x08000e88   0x08000e88   0x00000020   Code   RO         1654    i.HAL_RCC_GetPCLK1Freq  stm32f1xx_hal_rcc.o
    0x08000ea8   0x08000ea8   0x00000020   Code   RO         1655    i.HAL_RCC_GetPCLK2Freq  stm32f1xx_hal_rcc.o
    0x08000ec8   0x08000ec8   0x00000094   Code   RO         1656    i.HAL_RCC_GetSysClockFreq  stm32f1xx_hal_rcc.o
    0x08000f5c   0x08000f5c   0x00000464   Code   RO         1659    i.HAL_RCC_OscConfig  stm32f1xx_hal_rcc.o
    0x080013c0   0x080013c0   0x00000034   Code   RO         1963    i.HAL_SYSTICK_Config  stm32f1xx_hal_cortex.o
    0x080013f4   0x080013f4   0x00000002   Code   RO         1205    i.HAL_TIMEx_BreakCallback  stm32f1xx_hal_tim_ex.o
    0x080013f6   0x080013f6   0x00000002   Code   RO         1206    i.HAL_TIMEx_CommutCallback  stm32f1xx_hal_tim_ex.o
    0x080013f8   0x080013f8   0x00000084   Code   RO         1224    i.HAL_TIMEx_MasterConfigSynchronization  stm32f1xx_hal_tim_ex.o
    0x0800147c   0x0800147c   0x00000066   Code   RO          490    i.HAL_TIM_Base_Init  stm32f1xx_hal_tim.o
    0x080014e2   0x080014e2   0x00000002   PAD
    0x080014e4   0x080014e4   0x000000f4   Code   RO          215    i.HAL_TIM_Base_MspInit  tim.o
    0x080015d8   0x080015d8   0x00000078   Code   RO          495    i.HAL_TIM_Base_Start_IT  stm32f1xx_hal_tim.o
    0x08001650   0x08001650   0x00000108   Code   RO          499    i.HAL_TIM_ConfigClockSource  stm32f1xx_hal_tim.o
    0x08001758   0x08001758   0x00000230   Code   RO           14    i.HAL_TIM_IC_CaptureCallback  main.o
    0x08001988   0x08001988   0x000000d4   Code   RO          526    i.HAL_TIM_IC_ConfigChannel  stm32f1xx_hal_tim.o
    0x08001a5c   0x08001a5c   0x00000066   Code   RO          529    i.HAL_TIM_IC_Init   stm32f1xx_hal_tim.o
    0x08001ac2   0x08001ac2   0x00000002   Code   RO          531    i.HAL_TIM_IC_MspInit  stm32f1xx_hal_tim.o
    0x08001ac4   0x08001ac4   0x00000158   Code   RO          534    i.HAL_TIM_IC_Start_IT  stm32f1xx_hal_tim.o
    0x08001c1c   0x08001c1c   0x00000196   Code   RO          538    i.HAL_TIM_IRQHandler  stm32f1xx_hal_tim.o
    0x08001db2   0x08001db2   0x00000002   PAD
    0x08001db4   0x08001db4   0x00000058   Code   RO          216    i.HAL_TIM_MspPostInit  tim.o
    0x08001e0c   0x08001e0c   0x00000002   Code   RO          541    i.HAL_TIM_OC_DelayElapsedCallback  stm32f1xx_hal_tim.o
    0x08001e0e   0x08001e0e   0x000000fc   Code   RO          562    i.HAL_TIM_PWM_ConfigChannel  stm32f1xx_hal_tim.o
    0x08001f0a   0x08001f0a   0x00000066   Code   RO          565    i.HAL_TIM_PWM_Init  stm32f1xx_hal_tim.o
    0x08001f70   0x08001f70   0x00000002   Code   RO          567    i.HAL_TIM_PWM_MspInit  stm32f1xx_hal_tim.o
    0x08001f72   0x08001f72   0x00000002   Code   RO          568    i.HAL_TIM_PWM_PulseFinishedCallback  stm32f1xx_hal_tim.o
    0x08001f74   0x08001f74   0x000000d4   Code   RO          570    i.HAL_TIM_PWM_Start  stm32f1xx_hal_tim.o
    0x08002048   0x08002048   0x000000f0   Code   RO           15    i.HAL_TIM_PeriodElapsedCallback  main.o
    0x08002138   0x08002138   0x00000032   Code   RO          578    i.HAL_TIM_ReadCapturedValue  stm32f1xx_hal_tim.o
    0x0800216a   0x0800216a   0x00000002   Code   RO          581    i.HAL_TIM_TriggerCallback  stm32f1xx_hal_tim.o
    0x0800216c   0x0800216c   0x00000002   Code   RO         2489    i.HAL_UARTEx_RxEventCallback  stm32f1xx_hal_uart.o
    0x0800216e   0x0800216e   0x00000002   Code   RO         2503    i.HAL_UART_ErrorCallback  stm32f1xx_hal_uart.o
    0x08002170   0x08002170   0x0000024c   Code   RO         2506    i.HAL_UART_IRQHandler  stm32f1xx_hal_uart.o
    0x080023bc   0x080023bc   0x00000072   Code   RO         2507    i.HAL_UART_Init     stm32f1xx_hal_uart.o
    0x0800242e   0x0800242e   0x00000002   PAD
    0x08002430   0x08002430   0x00000128   Code   RO          275    i.HAL_UART_MspInit  usart.o
    0x08002558   0x08002558   0x00000042   Code   RO         2512    i.HAL_UART_Receive_IT  stm32f1xx_hal_uart.o
    0x0800259a   0x0800259a   0x00000002   PAD
    0x0800259c   0x0800259c   0x000002cc   Code   RO         2961    i.HAL_UART_RxCpltCallback  uart.o
    0x08002868   0x08002868   0x000000d2   Code   RO         2515    i.HAL_UART_Transmit  stm32f1xx_hal_uart.o
    0x0800293a   0x0800293a   0x00000002   Code   RO         2518    i.HAL_UART_TxCpltCallback  stm32f1xx_hal_uart.o
    0x0800293c   0x0800293c   0x00000004   Code   RO          324    i.HardFault_Handler  stm32f1xx_it.o
    0x08002940   0x08002940   0x00000110   Code   RO          190    i.MX_GPIO_Init      gpio.o
    0x08002a50   0x08002a50   0x000000b4   Code   RO          217    i.MX_TIM1_Init      tim.o
    0x08002b04   0x08002b04   0x0000006c   Code   RO          218    i.MX_TIM2_Init      tim.o
    0x08002b70   0x08002b70   0x000000b4   Code   RO          219    i.MX_TIM4_Init      tim.o
    0x08002c24   0x08002c24   0x00000038   Code   RO          276    i.MX_USART1_UART_Init  usart.o
    0x08002c5c   0x08002c5c   0x00000038   Code   RO          277    i.MX_USART3_UART_Init  usart.o
    0x08002c94   0x08002c94   0x00000004   Code   RO          325    i.MemManage_Handler  stm32f1xx_it.o
    0x08002c98   0x08002c98   0x0000003c   Code   RO         2882    i.Motor_Init        motor_control.o
    0x08002cd4   0x08002cd4   0x00000004   Code   RO          326    i.NMI_Handler       stm32f1xx_it.o
    0x08002cd8   0x08002cd8   0x000000e8   Code   RO         2883    i.PID_cauculate_left  motor_control.o
    0x08002dc0   0x08002dc0   0x000000f0   Code   RO         2884    i.PID_cauculate_location_left  motor_control.o
    0x08002eb0   0x08002eb0   0x000000f0   Code   RO         2885    i.PID_cauculate_location_right  motor_control.o
    0x08002fa0   0x08002fa0   0x000000e8   Code   RO         2886    i.PID_cauculate_right  motor_control.o
    0x08003088   0x08003088   0x00000002   Code   RO          327    i.PendSV_Handler    stm32f1xx_it.o
    0x0800308a   0x0800308a   0x00000002   PAD
    0x0800308c   0x0800308c   0x00000028   Code   RO         1660    i.RCC_Delay         stm32f1xx_hal_rcc.o
    0x080030b4   0x080030b4   0x00000002   Code   RO          328    i.SVC_Handler       stm32f1xx_it.o
    0x080030b6   0x080030b6   0x00000008   Code   RO          329    i.SysTick_Handler   stm32f1xx_it.o
    0x080030be   0x080030be   0x00000066   Code   RO           16    i.SystemClock_Config  main.o
    0x08003124   0x08003124   0x00000002   Code   RO         2846    i.SystemInit        system_stm32f1xx.o
    0x08003126   0x08003126   0x00000002   PAD
    0x08003128   0x08003128   0x00000010   Code   RO          330    i.TIM1_CC_IRQHandler  stm32f1xx_it.o
    0x08003138   0x08003138   0x00000010   Code   RO          331    i.TIM1_UP_IRQHandler  stm32f1xx_it.o
    0x08003148   0x08003148   0x00000010   Code   RO          332    i.TIM2_IRQHandler   stm32f1xx_it.o
    0x08003158   0x08003158   0x00000074   Code   RO          583    i.TIM_Base_SetConfig  stm32f1xx_hal_tim.o
    0x080031cc   0x080031cc   0x00000022   Code   RO          584    i.TIM_CCxChannelCmd  stm32f1xx_hal_tim.o
    0x080031ee   0x080031ee   0x00000016   Code   RO          594    i.TIM_ETR_SetConfig  stm32f1xx_hal_tim.o
    0x08003204   0x08003204   0x00000012   Code   RO          595    i.TIM_ITRx_SetConfig  stm32f1xx_hal_tim.o
    0x08003216   0x08003216   0x00000002   PAD
    0x08003218   0x08003218   0x00000060   Code   RO          596    i.TIM_OC1_SetConfig  stm32f1xx_hal_tim.o
    0x08003278   0x08003278   0x00000068   Code   RO          597    i.TIM_OC2_SetConfig  stm32f1xx_hal_tim.o
    0x080032e0   0x080032e0   0x00000068   Code   RO          598    i.TIM_OC3_SetConfig  stm32f1xx_hal_tim.o
    0x08003348   0x08003348   0x00000048   Code   RO          599    i.TIM_OC4_SetConfig  stm32f1xx_hal_tim.o
    0x08003390   0x08003390   0x00000026   Code   RO          601    i.TIM_TI1_ConfigInputStage  stm32f1xx_hal_tim.o
    0x080033b6   0x080033b6   0x00000002   PAD
    0x080033b8   0x080033b8   0x00000068   Code   RO          602    i.TIM_TI1_SetConfig  stm32f1xx_hal_tim.o
    0x08003420   0x08003420   0x00000028   Code   RO          603    i.TIM_TI2_ConfigInputStage  stm32f1xx_hal_tim.o
    0x08003448   0x08003448   0x0000003a   Code   RO          604    i.TIM_TI2_SetConfig  stm32f1xx_hal_tim.o
    0x08003482   0x08003482   0x00000038   Code   RO          605    i.TIM_TI3_SetConfig  stm32f1xx_hal_tim.o
    0x080034ba   0x080034ba   0x0000003c   Code   RO          606    i.TIM_TI4_SetConfig  stm32f1xx_hal_tim.o
    0x080034f6   0x080034f6   0x00000014   Code   RO         2520    i.UART_DMAAbortOnError  stm32f1xx_hal_uart.o
    0x0800350a   0x0800350a   0x00000036   Code   RO         2530    i.UART_EndRxTransfer  stm32f1xx_hal_uart.o
    0x08003540   0x08003540   0x00000020   Code   RO         2531    i.UART_EndTransmit_IT  stm32f1xx_hal_uart.o
    0x08003560   0x08003560   0x000000e4   Code   RO         2533    i.UART_Receive_IT   stm32f1xx_hal_uart.o
    0x08003644   0x08003644   0x000000fc   Code   RO         2534    i.UART_SetConfig    stm32f1xx_hal_uart.o
    0x08003740   0x08003740   0x00000046   Code   RO         2536    i.UART_Start_Receive_IT  stm32f1xx_hal_uart.o
    0x08003786   0x08003786   0x00000060   Code   RO         2537    i.UART_Transmit_IT  stm32f1xx_hal_uart.o
    0x080037e6   0x080037e6   0x0000006c   Code   RO         2538    i.UART_WaitOnFlagUntilTimeout  stm32f1xx_hal_uart.o
    0x08003852   0x08003852   0x00000002   PAD
    0x08003854   0x08003854   0x00000010   Code   RO          333    i.USART1_IRQHandler  stm32f1xx_it.o
    0x08003864   0x08003864   0x00000010   Code   RO          334    i.USART3_IRQHandler  stm32f1xx_it.o
    0x08003874   0x08003874   0x00000004   Code   RO          335    i.UsageFault_Handler  stm32f1xx_it.o
    0x08003878   0x08003878   0x00000020   Code   RO         3202    i.__0printf$2       mc_w.l(printf2.o)
    0x08003898   0x08003898   0x00000010   Code   RO         1965    i.__NVIC_GetPriorityGrouping  stm32f1xx_hal_cortex.o
    0x080038a8   0x080038a8   0x00000028   Code   RO         1966    i.__NVIC_SetPriority  stm32f1xx_hal_cortex.o
    0x080038d0   0x080038d0   0x0000000e   Code   RO         3444    i.__scatterload_copy  mc_w.l(handlers.o)
    0x080038de   0x080038de   0x00000002   Code   RO         3445    i.__scatterload_null  mc_w.l(handlers.o)
    0x080038e0   0x080038e0   0x0000000e   Code   RO         3446    i.__scatterload_zeroinit  mc_w.l(handlers.o)
    0x080038ee   0x080038ee   0x000000d6   Code   RO         3209    i._printf_core      mc_w.l(printf2.o)
    0x080039c4   0x080039c4   0x000000c0   Code   RO         3000    i.car_start         motion.o
    0x08003a84   0x08003a84   0x0000003c   Code   RO         3001    i.car_stop          motion.o
    0x08003ac0   0x08003ac0   0x0000001c   Code   RO           17    i.fputc             main.o
    0x08003adc   0x08003adc   0x000001ac   Code   RO           18    i.main              main.o
    0x08003c88   0x08003c88   0x00000288   Code   RO         3002    i.move_adjust       motion.o
    0x08003f10   0x08003f10   0x000000cc   Code   RO         2887    i.set_location_left  motor_control.o
    0x08003fdc   0x08003fdc   0x000000c8   Code   RO         2888    i.set_location_right  motor_control.o
    0x080040a4   0x080040a4   0x0000016c   Code   RO         2889    i.set_speed_left    motor_control.o
    0x08004210   0x08004210   0x00000168   Code   RO         2890    i.set_speed_right   motor_control.o
    0x08004378   0x08004378   0x00000018   Data   RO         2847    .constdata          system_stm32f1xx.o
    0x08004390   0x08004390   0x00000020   Data   RO         3442    Region$$Table       anon$$obj.o


    Execution Region RW_IRAM1 (Exec base: 0x20000000, Load base: 0x080043b0, Size: 0x000008b0, Max: 0x00005000, ABSOLUTE, COMPRESSED[0x00000080])

    Exec Addr    Load Addr    Size         Type   Attr      Idx    E Section Name        Object

    0x20000000   COMPRESSED   0x00000078   Data   RW           20    .data               main.o
    0x20000078   COMPRESSED   0x00000009   Data   RW         1497    .data               stm32f1xx_hal.o
    0x20000081   COMPRESSED   0x00000003   PAD
    0x20000084   COMPRESSED   0x00000004   Data   RW         2848    .data               system_stm32f1xx.o
    0x20000088   COMPRESSED   0x000000b0   Data   RW         2892    .data               motor_control.o
    0x20000138   COMPRESSED   0x00000030   Data   RW         2963    .data               uart.o
    0x20000168   COMPRESSED   0x000000e0   Data   RW         3003    .data               motion.o
    0x20000248   COMPRESSED   0x00000004   Data   RW         3426    .data               mc_w.l(stdout.o)
    0x2000024c        -       0x000000d8   Zero   RW          220    .bss                tim.o
    0x20000324        -       0x00000088   Zero   RW          278    .bss                usart.o
    0x200003ac        -       0x00000100   Zero   RW         2962    .bss                uart.o
    0x200004ac   COMPRESSED   0x00000004   PAD
    0x200004b0        -       0x00000400   Zero   RW            1    STACK               startup_stm32f103xb.o


==============================================================================

Image component sizes


      Code (inc. data)   RO Data    RW Data    ZI Data      Debug   Object Name

       272         16          0          0          0        967   gpio.o
      1364        204          0        120          0     431115   main.o
       900        174          0        224          0       3487   motion.o
      2132        282          0        176          0       7666   motor_control.o
        36          8        236          0       1024        784   startup_stm32f103xb.o
       192         36          0          9          0       5733   stm32f1xx_hal.o
       304         22          0          0          0      29275   stm32f1xx_hal_cortex.o
       262          4          0          0          0       1695   stm32f1xx_hal_dma.o
       828         34          0          0          0       3239   stm32f1xx_hal_gpio.o
        84          8          0          0          0        854   stm32f1xx_hal_msp.o
      1784        110          0          0          0       5856   stm32f1xx_hal_rcc.o
      3098         86          0          0          0      21135   stm32f1xx_hal_tim.o
       136         14          0          0          0       2317   stm32f1xx_hal_tim_ex.o
      1844         10          0          0          0      10948   stm32f1xx_hal_uart.o
       114         30          0          0          0       5962   stm32f1xx_it.o
         2          0         24          4          0       1059   system_stm32f1xx.o
       800         50          0          0        216       3754   tim.o
       716         72          0         48        256       2025   uart.o
       408         42          0          0        136       2255   usart.o

    ----------------------------------------------------------------------
     15294       1202        292        584       1636     540126   Object Totals
         0          0         32          0          0          0   (incl. Generated)
        18          0          0          3          4          0   (incl. Padding)

    ----------------------------------------------------------------------

      Code (inc. data)   RO Data    RW Data    ZI Data      Debug   Library Member Name

        86          0          0          0          0          0   __dczerorl2.o
         0          0          0          0          0          0   entry.o
         0          0          0          0          0          0   entry10a.o
         0          0          0          0          0          0   entry11a.o
         8          4          0          0          0          0   entry2.o
         4          0          0          0          0          0   entry5.o
         0          0          0          0          0          0   entry7b.o
         0          0          0          0          0          0   entry8b.o
         8          4          0          0          0          0   entry9a.o
        30          0          0          0          0          0   handlers.o
        36          8          0          0          0         68   init.o
         0          0          0          0          0          0   iusefp.o
        30          0          0          0          0         68   llshl.o
        36          0          0          0          0         68   llsshr.o
        32          0          0          0          0         68   llushr.o
        36          0          0          0          0        108   memseta.o
       246         10          0          0          0        176   printf2.o
         0          0          0          4          0          0   stdout.o
        48          0          0          0          0         68   cdcmple.o
        48          0          0          0          0         68   cdrcmple.o
       334          0          0          0          0        148   dadd.o
       222          0          0          0          0        100   ddiv.o
       186          0          0          0          0        176   depilogue.o
        62          0          0          0          0         80   dfixi.o
        34          0          0          0          0         76   dflti.o
        26          0          0          0          0         76   dfltui.o
       228          0          0          0          0         96   dmul.o

    ----------------------------------------------------------------------
      1742         26          0          4          0       1444   Library Totals
         2          0          0          0          0          0   (incl. Padding)

    ----------------------------------------------------------------------

      Code (inc. data)   RO Data    RW Data    ZI Data      Debug   Library Name

       552         26          0          4          0        556   mc_w.l
      1188          0          0          0          0        888   mf_w.l

    ----------------------------------------------------------------------
      1742         26          0          4          0       1444   Library Totals

    ----------------------------------------------------------------------

==============================================================================


      Code (inc. data)   RO Data    RW Data    ZI Data      Debug   

     17036       1228        292        588       1636     535302   Grand Totals
     17036       1228        292        128       1636     535302   ELF Image Totals (compressed)
     17036       1228        292        128          0          0   ROM Totals

==============================================================================

    Total RO  Size (Code + RO Data)                17328 (  16.92kB)
    Total RW  Size (RW Data + ZI Data)              2224 (   2.17kB)
    Total ROM Size (Code + RO Data + RW Data)      17456 (  17.05kB)

==============================================================================

